// Jest Snapshot v1, https://jestjs.io/docs/snapshot-testing

exports[`convertJsonAstToMdx collects substitutions/refs and emits references artifacts: references-json 1`] = `
{
  "refs": {
    "/docs/page": {
      "title": "Doc Page",
      "url": "/docs/page",
    },
  },
  "substitutions": {
    "prod": "MongoDB",
  },
}
`;

exports[`convertJsonAstToMdx emits include file only once even if referenced twice: include-mdx 1`] = `"Hi from include"`;

exports[`convertJsonAstToMdx emits include file only once even if referenced twice: main-mdx-with-include 1`] = `
"import IncludedFile from './included-file.mdx';

<IncludedFile />

<IncludedFile />"
`;

exports[`convertJsonAstToMdx writes only the main file when there are no includes or references: simple-no-refs 1`] = `"Body"`;
