// Jest Snapshot v1, https://jestjs.io/docs/snapshot-testing

exports[`getLocaleMapping returns a valid mapping of URLs 1`] = `
{
  "en-us": "https://www.mongodb.com/docs/",
  "ja-jp": "https://www.mongodb.com/docs/",
  "ko-kr": "https://www.mongodb.com/docs/",
  "pt-br": "https://www.mongodb.com/docs/",
  "zh-cn": "https://www.mongodb.com/docs/",
}
`;

exports[`getLocaleMapping returns a valid mapping of URLs 2`] = `
{
  "en-us": "https://www.mongodb.com/docs/about/page/",
  "ja-jp": "https://www.mongodb.com/docs/ja-jp/about/page/",
  "ko-kr": "https://www.mongodb.com/docs/ko-kr/about/page/",
  "pt-br": "https://www.mongodb.com/docs/pt-br/about/page/",
  "zh-cn": "https://www.mongodb.com/docs/zh-cn/about/page/",
}
`;

exports[`getLocaleMapping returns a valid mapping of URLs 3`] = `
{
  "en-us": "https://www.mongodb.comintroduction/",
  "ja-jp": "https://www.mongodb.comja-jp/introduction/",
  "ko-kr": "https://www.mongodb.comko-kr/introduction/",
  "pt-br": "https://www.mongodb.compt-br/introduction/",
  "zh-cn": "https://www.mongodb.comzh-cn/introduction/",
}
`;
