// Jest Snapshot v1, https://jestjs.io/docs/snapshot-testing

exports[`SEO utils returns correct metadata from directive 1`] = `
{
  "canonical": undefined,
  "description": "Learn how MongoDB Atlas can perform advanced text searches in your application using Atlas Search aggregation pipeline stages, MongoDB aggregation pipeline stages, and score-based results ranking.",
  "keywords": "atlas search, atlas search overview, text indexing, query data, advance search capabilities, text analyzer, search aggregation pipeline stage, searchMeta aggregation pipeline stage, atlas search architecture, apache lucene, atlas search indexes, atlas search queries",
  "robots": undefined,
  "twitter": {
    "creator": undefined,
    "image": undefined,
    "image-alt": undefined,
    "site": undefined,
    "title": undefined,
  },
}
`;
