// Jest Snapshot v1, https://goo.gl/fbAQLP

exports[`fetchCommitsByAuthor when commit has an associated pull request should call with correct args to fetch author id 1`] = `
[
  {
    "query": "query AuthorId($author: String!) {
  user(login: $author) {
    id
  }
}",
    "variables": {
      "author": "sorenlouv",
    },
  },
]
`;

exports[`fetchCommitsByAuthor when commit has an associated pull request should call with correct args to fetch commits 1`] = `
[
  {
    "query": "query CommitsByAuthor($authorId: ID, $commitPath: String, $dateSince: GitTimestamp, $dateUntil: GitTimestamp, $maxNumber: Int!, $repoName: String!, $repoOwner: String!, $sourceBranch: String!) {
  repository(owner: $repoOwner, name: $repoName) {
    ref(qualifiedName: $sourceBranch) {
      target {
        ... on Commit {
          history(
            first: $maxNumber
            author: {id: $authorId}
            path: $commitPath
            since: $dateSince
            until: $dateUntil
          ) {
            edges {
              node {
                ...SourceCommitWithTargetPullRequestFragment
              }
            }
          }
        }
      }
    }
  }
}

fragment SourceCommitWithTargetPullRequestFragment on Commit {
  repository {
    name
    owner {
      login
    }
  }
  sha: oid
  message
  committedDate
  author {
    name
    email
  }
  associatedPullRequests(first: 1) {
    edges {
      node {
        title
        url
        number
        labels(first: 50) {
          nodes {
            name
          }
        }
        baseRefName
        mergeCommit {
          ...RemoteConfigHistoryFragment
          sha: oid
          message
        }
        timelineItems(last: 20, itemTypes: CROSS_REFERENCED_EVENT) {
          edges {
            node {
              ... on CrossReferencedEvent {
                targetPullRequest: source {
                  __typename
                  ... on PullRequest {
                    targetMergeCommit: mergeCommit {
                      sha: oid
                      message
                    }
                    repository {
                      name
                      owner {
                        login
                      }
                    }
                    url
                    title
                    state
                    baseRefName
                    number
                    commits(first: 20) {
                      edges {
                        node {
                          targetCommit: commit {
                            message
                            sha: oid
                          }
                        }
                      }
                    }
                  }
                }
              }
            }
          }
        }
      }
    }
  }
}

fragment RemoteConfigHistoryFragment on Commit {
  remoteConfigHistory: history(first: 1, path: ".backportrc.json") {
    edges {
      remoteConfig: node {
        committedDate
        file(path: ".backportrc.json") {
          ... on TreeEntry {
            object {
              ... on Blob {
                text
              }
            }
          }
        }
      }
    }
  }
}",
    "variables": {
      "authorId": "myUserId",
      "commitPath": null,
      "dateSince": null,
      "dateUntil": null,
      "maxNumber": 10,
      "repoName": "kibana",
      "repoOwner": "elastic",
      "sourceBranch": "source-branch-from-options",
    },
  },
]
`;
