// Jest Snapshot v1, https://jestjs.io/docs/snapshot-testing

exports[`Featured component renders correctly 1`] = `
<DocumentFragment>
  .emotion-0 {
  max-width: 1440px;
  margin: 48px auto 0;
  padding: 0 24px;
  margin-bottom: 60px;
}

@media not all and (max-width: 767px) {
  .emotion-0 {
    padding: 0 32px;
  }
}

@media not all and (max-width: 1024px) {
  .emotion-0 {
    padding: 0 32px;
  }
}

@media not all and (max-width: 1440px) {
  .emotion-0 {
    padding: 0 8px;
  }
}

.emotion-1 {
  margin: unset;
  font-family: 'Euclid Circular A','Helvetica Neue',Helvetica,Arial,sans-serif;
  color: #001E2B;
  font-size: 24px;
  line-height: 32px;
  font-weight: 500;
  color: #001E2B;
  color: #000;
}

.emotion-2 {
  display: -webkit-box;
  display: -webkit-flex;
  display: -ms-flexbox;
  display: flex;
  -webkit-flex-direction: row;
  -ms-flex-direction: row;
  flex-direction: row;
  gap: 16px;
  -webkit-box-flex-wrap: wrap;
  -webkit-flex-wrap: wrap;
  -ms-flex-wrap: wrap;
  flex-wrap: wrap;
  -webkit-box-pack: start;
  -ms-flex-pack: start;
  -webkit-justify-content: flex-start;
  justify-content: flex-start;
  margin-top: 26px;
}

@media not all and (max-width: 767px) {
  .emotion-2 {
    gap: 16px;
  }
}

@media not all and (max-width: 1024px) {
  .emotion-2 {
    gap: 24px;
  }
}

.emotion-3 {
  position: relative;
  -webkit-transition: 150ms ease-in-out;
  transition: 150ms ease-in-out;
  transition-property: border,box-shadow;
  border-radius: 24px;
  font-family: 'Euclid Circular A','Helvetica Neue',Helvetica,Arial,sans-serif;
  font-size: 13px;
  line-height: 20px;
  padding: 24px;
  min-height: 68px;
  border: 1px solid #E8EDEB;
  box-shadow: 0 4px 10px -4px rgba(0,30,43,0.3);
  background-color: #FFFFFF;
  color: #1C2D38;
  cursor: pointer;
  -webkit-flex: 0 0 100%;
  -ms-flex: 0 0 100%;
  flex: 0 0 100%;
  min-width: 0;
  padding: 24px;
  min-height: 360px;
}

.emotion-3:focus {
  outline: none;
  box-shadow: 0 0 0 2px #FFFFFF,0 0 0 4px #0498EC,0 4px 10px -4px rgba(0,30,43,0.3);
}

.emotion-3:hover,
.emotion-3:active {
  border: 1px solid #E8EDEB;
  box-shadow: 0 4px 20px -4px rgba(0,30,43,0.2);
}

.emotion-3:hover:focus,
.emotion-3:active:focus {
  box-shadow: 0 0 0 2px #FFFFFF,0 0 0 4px #0498EC,0 4px 20px -4px rgba(0,30,43,0.2);
}

@media not all and (max-width: 767px) {
  .emotion-3 {
    -webkit-flex: 0 0 calc(50% - 8px);
    -ms-flex: 0 0 calc(50% - 8px);
    flex: 0 0 calc(50% - 8px);
    padding: 32px;
  }
}

@media not all and (max-width: 1024px) {
  .emotion-3 {
    -webkit-flex: 0 0 calc(33.333% - 16px);
    -ms-flex: 0 0 calc(33.333% - 16px);
    flex: 0 0 calc(33.333% - 16px);
    padding: 40px;
  }
}

.emotion-4 {
  margin: unset;
  font-family: 'Euclid Circular A','Helvetica Neue',Helvetica,Arial,sans-serif;
  color: #001E2B;
  font-size: 13px;
  line-height: 20px;
  color: #001E2B;
  font-weight: 400;
  font-size: 13px;
  line-height: 20px;
  color: var(--whats-new-gray-dark1);
  margin-bottom: 16px;
}

.emotion-4 strong,
.emotion-4 b {
  font-weight: 600;
}

.emotion-5 {
  margin: unset;
  font-family: 'Euclid Circular A','Helvetica Neue',Helvetica,Arial,sans-serif;
  color: #001E2B;
  font-size: 24px;
  line-height: 32px;
  font-weight: 500;
  color: #001E2B;
  font-size: 24px;
  line-height: 32px;
  margin-bottom: 8px;
  color: var(--whats-new-black);
}

.emotion-6 {
  margin: unset;
  font-family: 'Euclid Circular A','Helvetica Neue',Helvetica,Arial,sans-serif;
  color: #001E2B;
  font-size: 13px;
  line-height: 20px;
  color: #001E2B;
  font-weight: 400;
  font-size: 16px;
  line-height: 24px;
  color: var(--whats-new-black);
  margin-bottom: 44px;
  display: -webkit-box;
  -webkit-line-clamp: 3;
  -webkit-box-orient: vertical;
  overflow: hidden;
}

.emotion-6 strong,
.emotion-6 b {
  font-weight: 600;
}

.emotion-7 {
  display: -webkit-box;
  display: -webkit-flex;
  display: -ms-flexbox;
  display: flex;
  -webkit-flex-direction: row;
  -ms-flex-direction: row;
  flex-direction: row;
  gap: 8px;
  -webkit-box-flex-wrap: wrap;
  -webkit-flex-wrap: wrap;
  -ms-flex-wrap: wrap;
  flex-wrap: wrap;
}

.emotion-8 {
  display: -webkit-inline-box;
  display: -webkit-inline-flex;
  display: -ms-inline-flexbox;
  display: inline-flex;
  -webkit-align-items: center;
  -webkit-box-align: center;
  -ms-flex-align: center;
  align-items: center;
  overflow: hidden;
  white-space: nowrap;
  border-radius: 4px;
  font-size: 13px;
  line-height: 18px;
  color: #0C2657;
  background-color: #E1F7FF;
  -webkit-transition: background-color 100ms ease-in-out;
  transition: background-color 100ms ease-in-out;
  font-size: 16px;
  padding: 2px;
}

.emotion-9 {
  padding-inline: 4px;
  padding-block: 0px;
  display: -webkit-box;
  display: -webkit-flex;
  display: -ms-flexbox;
  display: flex;
  gap: 2px;
}

.emotion-9 svg {
  -webkit-align-self: center;
  -ms-flex-item-align: center;
  align-self: center;
  color: #083C90;
}

.emotion-9:focus-within {
  background-color: #89D2FF;
}

.emotion-9 .lg-ui-chip-inline-definition-0000:focus-visible,
.emotion-9 .lg-ui-chip-inline-definition-0000:focus {
  outline: none;
}

<div
    class="emotion-0"
  >
    <h3
      class="emotion-1"
    >
      Featured Updates
    </h3>
    <div
      class="emotion-2"
    >
      <div
        class="emotion-3"
        data-testid="featured-update"
      >
        <p
          class="emotion-4"
        >
          September 17, 2025
        </p>
        <h3
          class="emotion-5"
        >
          Back again for the win CB
        </h3>
        <p
          class="emotion-6"
        >
          This is a test from CB
        </p>
        <div
          class="emotion-7"
        >
          <span
            aria-disabled="false"
            class="emotion-8"
          >
            <span
              class="emotion-9 lg-ui-chip-text-0000"
              data-testid="chip-text"
            >
              foo
            </span>
          </span>
          <span
            aria-disabled="false"
            class="emotion-8"
          >
            <span
              class="emotion-9 lg-ui-chip-text-0000"
              data-testid="chip-text"
            >
              bar
            </span>
          </span>
          <span
            aria-disabled="false"
            class="emotion-8"
          >
            <span
              class="emotion-9 lg-ui-chip-text-0000"
              data-testid="chip-text"
            >
              baz
            </span>
          </span>
        </div>
      </div>
      <div
        class="emotion-3"
        data-testid="featured-update"
      >
        <p
          class="emotion-4"
        >
          September 17, 2025
        </p>
        <h3
          class="emotion-5"
        >
          Final CB test dev entry
        </h3>
        <p
          class="emotion-6"
        >
          This is a test from CB
        </p>
        <div
          class="emotion-7"
        />
      </div>
      <div
        class="emotion-3"
        data-testid="featured-update"
      >
        <p
          class="emotion-4"
        >
          September 17, 2025
        </p>
        <h3
          class="emotion-5"
        >
          Another CB test dev entry
        </h3>
        <p
          class="emotion-6"
        >
          This is a test from CB
        </p>
        <div
          class="emotion-7"
        />
      </div>
    </div>
  </div>
</DocumentFragment>
`;
