// Jest Snapshot v1, https://jestjs.io/docs/snapshot-testing

exports[`HeaderBackground component renders correctly 1`] = `
<DocumentFragment>
  .emotion-0 {
  display: -webkit-box;
  display: -webkit-flex;
  display: -ms-flexbox;
  display: flex;
  -webkit-flex-direction: row;
  -ms-flex-direction: row;
  flex-direction: row;
  -webkit-box-pack: center;
  -ms-flex-pack: center;
  -webkit-justify-content: center;
  justify-content: center;
  -webkit-align-items: center;
  -webkit-box-align: center;
  -ms-flex-align: center;
  align-items: center;
  width: 100%;
  height: 100%;
  background-color: #E3FCF7;
  border-radius: 0 0 40px 40px;
  position: absolute;
  top: 0;
  left: 0;
  right: 0;
  bottom: 0;
}

@media not all and (max-width: 767px) {
  .emotion-0 {
    height: 230px;
    border-radius: 0 0 80px 80px;
  }
}

@media not all and (max-width: 1024px) {
  .emotion-0 {
    height: 384px;
    border-radius: 0 0 80px 80px;
  }
}

.emotion-1 {
  position: absolute;
  top: 0;
  left: 0;
  z-index: 1;
}

@media not all and (max-width: 767px) {
  .emotion-1 {
    top: 10px;
  }
}

@media not all and (max-width: 1440px) {
  .emotion-1 {
    top: 0;
  }
}

.emotion-2 {
  display: block;
}

@media not all and (max-width: 767px) {
  .emotion-2 {
    display: none;
  }
}

.emotion-3 {
  display: none;
}

@media not all and (max-width: 767px) {
  .emotion-3 {
    display: block;
  }
}

@media not all and (max-width: 1440px) {
  .emotion-3 {
    display: none;
  }
}

.emotion-4 {
  display: none;
}

@media not all and (max-width: 1440px) {
  .emotion-4 {
    display: block;
  }
}

.emotion-5 {
  position: absolute;
  top: 0px;
  right: 0px;
  z-index: 1;
}

@media not all and (max-width: 767px) {
  .emotion-5 {
    top: 0px;
    right: -10px;
  }
}

@media not all and (max-width: 1440px) {
  .emotion-5 {
    top: -20px;
    right: -20px;
  }
}

<div
    class="emotion-0"
    data-testid="header-background-img"
  >
    <div
      class="emotion-1"
    >
      <img
        alt="header-left"
        class="emotion-2"
        data-nimg="1"
        decoding="async"
        height="220"
        loading="lazy"
        src="/products/updates/header-mobile-left.svg"
        style="color: transparent;"
        width="220"
      />
      <img
        alt="header-left"
        class="emotion-3"
        data-nimg="1"
        decoding="async"
        height="320"
        loading="lazy"
        src="/products/updates/header-tablet-left.svg"
        style="color: transparent;"
        width="320"
      />
      <img
        alt="header-left"
        class="emotion-4"
        data-nimg="1"
        decoding="async"
        height="300"
        loading="lazy"
        src="/products/updates/header-desktop-left.svg"
        style="color: transparent;"
        width="300"
      />
    </div>
    <div
      class="emotion-5"
    >
      <img
        alt="header-right"
        class="emotion-2"
        data-nimg="1"
        decoding="async"
        height="160"
        loading="lazy"
        src="/products/updates/header-mobile-right.svg"
        style="color: transparent;"
        width="160"
      />
      <img
        alt="header-right"
        class="emotion-3"
        data-nimg="1"
        decoding="async"
        height="200"
        loading="lazy"
        src="/products/updates/header-tablet-right.svg"
        style="color: transparent;"
        width="200"
      />
      <img
        alt="header-right"
        class="emotion-4"
        data-nimg="1"
        decoding="async"
        height="360"
        loading="lazy"
        src="/products/updates/header-desktop-right.svg"
        style="color: transparent;"
        width="360"
      />
    </div>
  </div>
</DocumentFragment>
`;
