// Jest Snapshot v1, https://jestjs.io/docs/snapshot-testing

exports[`Pagination component renders correctly 1`] = `
<DocumentFragment>
  .emotion-0 {
  display: -webkit-box;
  display: -webkit-flex;
  display: -ms-flexbox;
  display: flex;
}

.emotion-1 {
  display: -webkit-box;
  display: -webkit-flex;
  display: -ms-flexbox;
  display: flex;
  -webkit-align-items: center;
  -webkit-box-align: center;
  -ms-flex-align: center;
  align-items: center;
  gap: 8px;
}

.emotion-2 {
  display: -webkit-box;
  display: -webkit-flex;
  display: -ms-flexbox;
  display: flex;
  -webkit-flex-direction: column;
  -ms-flex-direction: column;
  flex-direction: column;
}

.emotion-2 {
  display: -webkit-box;
  display: -webkit-flex;
  display: -ms-flexbox;
  display: flex;
  -webkit-flex-direction: column;
  -ms-flex-direction: column;
  flex-direction: column;
}

.emotion-3 {
  -webkit-appearance: none;
  -moz-appearance: none;
  -ms-appearance: none;
  appearance: none;
  padding: 0;
  margin: 0;
  background-color: transparent;
  border: 1px solid transparent;
  display: -webkit-inline-box;
  display: -webkit-inline-flex;
  display: -ms-inline-flexbox;
  display: inline-flex;
  -webkit-align-items: stretch;
  -webkit-box-align: stretch;
  -ms-flex-align: stretch;
  align-items: stretch;
  -webkit-transition: all 150ms ease-in-out;
  transition: all 150ms ease-in-out;
  position: relative;
  -webkit-text-decoration: none;
  text-decoration: none;
  cursor: pointer;
  z-index: 0;
  font-family: 'Euclid Circular A','Helvetica Neue',Helvetica,Arial,sans-serif;
  border-radius: 6px;
  background-color: #F9FBFA;
  border-color: #889397;
  color: #001E2B;
  font-size: 13px;
  line-height: 20px;
  font-weight: 500;
  height: 28px;
  font-weight: 400;
  background-color: #FFFFFF;
  width: 100%;
}

.emotion-3:focus-visible,
.emotion-3[data-focus="true"] {
  outline: none;
}

.emotion-3:active,
.emotion-3[data-active="true"],
.emotion-3:focus,
.emotion-3:hover {
  -webkit-text-decoration: none;
  text-decoration: none;
}

.emotion-3:focus-visible,
.emotion-3[data-focus="true"] {
  color: #001E2B;
}

.emotion-3:hover,
.emotion-3[data-hover="true"],
.emotion-3:active,
.emotion-3[data-active="true"] {
  color: #001E2B;
  background-color: #FFFFFF;
  box-shadow: 0 0 0 3px #E8EDEB;
}

.emotion-3:focus-visible,
.emotion-3[data-focus="true"] {
  background-color: #FFFFFF;
  box-shadow: 0 0 0 2px #FFFFFF,0 0 0 4px #0498EC;
}

.emotion-3>*:last-child {
  grid-template-columns: 1fr 16px;
  -webkit-box-pack: start;
  -ms-flex-pack: start;
  -webkit-justify-content: flex-start;
  justify-content: flex-start;
}

.emotion-3>*:last-child>svg {
  justify-self: right;
  width: 16px;
  height: 16px;
}

.emotion-3>*:last-child>svg {
  color: #5C6C75;
}

.emotion-3>*:last-child {
  padding: 0 4px 0 8px;
}

.emotion-3:focus-visible {
  box-shadow: 0 0 0 3px #0498EC;
  border-color: rgba(255, 255, 255, 0);
}

@media only screen and (max-width: 768px) and (hover: none) and (pointer: coarse),@media only screen and (max-width: 768px) and (hover: none) and (pointer: none) {
  .emotion-3 {
    height: 36px;
    font-size: 16px;
  }
}

.emotion-4 {
  overflow: hidden;
  position: absolute;
  top: 0;
  left: 0;
  right: 0;
  bottom: 0;
  border-radius: 5px;
}

.emotion-5 {
  display: grid;
  grid-auto-flow: column;
  -webkit-box-pack: center;
  -ms-flex-pack: center;
  -webkit-justify-content: center;
  justify-content: center;
  -webkit-align-items: center;
  -webkit-box-align: center;
  -ms-flex-align: center;
  align-items: center;
  height: 100%;
  width: 100%;
  position: relative;
  -webkit-user-select: none;
  -moz-user-select: none;
  -ms-user-select: none;
  user-select: none;
  z-index: 0;
  -webkit-transition: all 150 ease-in-out;
  transition: all 150 ease-in-out;
  padding: 0 11px;
  gap: 6px;
}

.emotion-6 {
  display: -webkit-box;
  display: -webkit-flex;
  display: -ms-flexbox;
  display: flex;
  -webkit-box-pack: justify;
  -webkit-justify-content: space-between;
  justify-content: space-between;
  -webkit-align-items: center;
  -webkit-box-align: center;
  -ms-flex-align: center;
  align-items: center;
  -webkit-box-flex: 1;
  -webkit-flex-grow: 1;
  -ms-flex-positive: 1;
  flex-grow: 1;
  gap: 4px;
  overflow: hidden;
}

.emotion-7 {
  overflow: hidden;
  white-space: nowrap;
  text-overflow: ellipsis;
  max-width: 100%;
}

.emotion-8 {
  -webkit-flex-shrink: 0;
  -ms-flex-negative: 0;
  flex-shrink: 0;
}

.emotion-9 {
  color: #889397;
  height: 16px;
  width: 16px;
  justify-self: left;
}

.emotion-10 {
  display: none;
}

.emotion-11 {
  display: -webkit-box;
  display: -webkit-flex;
  display: -ms-flexbox;
  display: flex;
  gap: 4px;
}

.emotion-12 {
  font-size: 13px;
}

.emotion-13 {
  display: -webkit-box;
  display: -webkit-flex;
  display: -ms-flexbox;
  display: flex;
  -webkit-align-items: center;
  -webkit-box-align: center;
  -ms-flex-align: center;
  align-items: center;
  margin-left: 5px;
}

.emotion-14 {
  border: none;
  -webkit-appearance: unset;
  padding: unset;
  display: inline-block;
  border-radius: 100px;
  position: relative;
  cursor: pointer;
  -webkit-flex-shrink: 0;
  -ms-flex-negative: 0;
  flex-shrink: 0;
  -webkit-transition: 150ms ease-in-out;
  transition: 150ms ease-in-out;
  transition-property: color,box-shadow;
  background-color: rgba(255, 255, 255, 0);
  height: 28px;
  width: 28px;
  color: #5C6C75;
  cursor: not-allowed;
  color: #C1C7C6;
  background-color: rgba(255, 255, 255, 0);
}

.emotion-14::before {
  content: '';
  -webkit-transition: 150ms all ease-in-out;
  transition: 150ms all ease-in-out;
  position: absolute;
  top: 0;
  bottom: 0;
  left: 0;
  right: 0;
  border-radius: 100%;
  -webkit-transform: scale(0.8);
  -moz-transform: scale(0.8);
  -ms-transform: scale(0.8);
  transform: scale(0.8);
}

.emotion-14:active:before,
.emotion-14:hover:before,
.emotion-14:focus:before,
.emotion-14[data-hover='true']:before,
.emotion-14[data-focus='true']:before {
  -webkit-transform: scale(1);
  -moz-transform: scale(1);
  -ms-transform: scale(1);
  transform: scale(1);
}

.emotion-14:focus {
  outline: none;
}

.emotion-14:active,
.emotion-14:hover,
.emotion-14[data-hover='true'] {
  color: #001E2B;
}

.emotion-14:active::before,
.emotion-14:hover::before,
.emotion-14[data-hover='true']::before {
  background-color: rgba(61,79,88,0.1);
}

.emotion-14:focus-visible,
.emotion-14[data-focus='true'] {
  color: #001E2B;
  box-shadow: 0 0 0 2px #FFFFFF,0 0 0 4px #0498EC;
}

.emotion-14:focus-visible::before,
.emotion-14[data-focus='true']::before {
  background-color: rgba(61,79,88,0.1);
}

.emotion-14:active,
.emotion-14:hover,
.emotion-14[data-hover='true'] {
  color: #C1C7C6;
}

.emotion-14:active::before,
.emotion-14:hover::before,
.emotion-14[data-hover='true']::before {
  background-color: rgba(255, 255, 255, 0);
}

.emotion-14:focus,
.emotion-14[data-focus='true'] {
  color: #C1C7C6;
}

.emotion-14:focus::before,
.emotion-14[data-focus='true']::before {
  background-color: rgba(255, 255, 255, 0);
}

.emotion-15 {
  position: absolute;
  top: 0;
  bottom: 0;
  left: 0;
  right: 0;
  display: -webkit-box;
  display: -webkit-flex;
  display: -ms-flexbox;
  display: flex;
  -webkit-align-items: center;
  -webkit-box-align: center;
  -ms-flex-align: center;
  align-items: center;
  -webkit-box-pack: center;
  -ms-flex-pack: center;
  -webkit-justify-content: center;
  justify-content: center;
}

.emotion-16 {
  border: none;
  -webkit-appearance: unset;
  padding: unset;
  display: inline-block;
  border-radius: 100px;
  position: relative;
  cursor: pointer;
  -webkit-flex-shrink: 0;
  -ms-flex-negative: 0;
  flex-shrink: 0;
  -webkit-transition: 150ms ease-in-out;
  transition: 150ms ease-in-out;
  transition-property: color,box-shadow;
  background-color: rgba(255, 255, 255, 0);
  height: 28px;
  width: 28px;
  color: #5C6C75;
}

.emotion-16::before {
  content: '';
  -webkit-transition: 150ms all ease-in-out;
  transition: 150ms all ease-in-out;
  position: absolute;
  top: 0;
  bottom: 0;
  left: 0;
  right: 0;
  border-radius: 100%;
  -webkit-transform: scale(0.8);
  -moz-transform: scale(0.8);
  -ms-transform: scale(0.8);
  transform: scale(0.8);
}

.emotion-16:active:before,
.emotion-16:hover:before,
.emotion-16:focus:before,
.emotion-16[data-hover='true']:before,
.emotion-16[data-focus='true']:before {
  -webkit-transform: scale(1);
  -moz-transform: scale(1);
  -ms-transform: scale(1);
  transform: scale(1);
}

.emotion-16:focus {
  outline: none;
}

.emotion-16:active,
.emotion-16:hover,
.emotion-16[data-hover='true'] {
  color: #001E2B;
}

.emotion-16:active::before,
.emotion-16:hover::before,
.emotion-16[data-hover='true']::before {
  background-color: rgba(61,79,88,0.1);
}

.emotion-16:focus-visible,
.emotion-16[data-focus='true'] {
  color: #001E2B;
  box-shadow: 0 0 0 2px #FFFFFF,0 0 0 4px #0498EC;
}

.emotion-16:focus-visible::before,
.emotion-16[data-focus='true']::before {
  background-color: rgba(61,79,88,0.1);
}

<div
    class="emotion-0"
  >
    <div
      class="emotion-1"
    >
      <div
        class="emotion-2"
        data-lgid="lg-select"
        data-testid="lg-select"
      >
        <button
          aria-controls="select-1-menu"
          aria-describedby="select-1-description"
          aria-disabled="false"
          aria-expanded="false"
          aria-invalid="false"
          aria-label="pagination"
          class="lg-ui-button-0000 emotion-3"
          data-lgid="lg-select-trigger"
          data-testid="leafygreen-ui-select-menubutton"
          id="select-2"
          type="button"
          value="1"
        >
          <div
            class="emotion-4"
          />
          <div
            class="emotion-5"
          >
            <div
              class="emotion-6"
            >
              <div
                class="lg-ui-select-menu-0000 emotion-7"
                data-lgid="lg-select-button_text"
                data-testid="lg-select-button_text"
              >
                1
              </div>
            </div>
            <svg
              alt=""
              aria-hidden="true"
              class="emotion-8 emotion-9"
              height="16"
              role="presentation"
              viewBox="0 0 16 16"
              width="16"
            >
              <path
                d="M8.67903 10.7962C8.45271 11.0679 8.04729 11.0679 7.82097 10.7962L4.63962 6.97649C4.3213 6.59428 4.5824 6 5.06866 6L11.4313 6C11.9176 6 12.1787 6.59428 11.8604 6.97649L8.67903 10.7962Z"
                fill="currentColor"
              />
            </svg>
          </div>
        </button>
        <span
          class="emotion-10"
        />
        <div
          aria-live="polite"
          aria-relevant="all"
          class="emotion-11"
          data-lgid="lg-form_field-feedback"
          data-testid="lg-form_field-feedback"
        />
      </div>
      <span
        class="emotion-12"
      >
        of 2
      </span>
    </div>
    <div
      class="emotion-13"
    >
      <button
        aria-disabled="true"
        aria-label="previous"
        class="emotion-14"
        tabindex="0"
      >
        <div
          class="emotion-15"
        >
          <svg
            aria-label="Chevron Left Icon"
            class=""
            fill="none"
            height="16"
            role="img"
            viewBox="0 0 16 16"
            width="16"
            xmlns="http://www.w3.org/2000/svg"
          >
            <path
              clip-rule="evenodd"
              d="M10.778 1.636a1 1 0 0 0-1.414 0l-4.95 4.95-.707.707a1 1 0 0 0 0 1.414l.707.707 4.95 4.95a1 1 0 0 0 1.414 0l.707-.707a1 1 0 0 0 0-1.414L7.243 8l4.242-4.243a1 1 0 0 0 0-1.414z"
              fill="currentColor"
              fill-rule="evenodd"
            />
          </svg>
        </div>
      </button>
      <button
        aria-disabled="false"
        aria-label="next"
        class="emotion-16"
        tabindex="0"
      >
        <div
          class="emotion-15"
        >
          <svg
            aria-label="Chevron Right Icon"
            class=""
            fill="none"
            height="16"
            role="img"
            viewBox="0 0 16 16"
            width="16"
            xmlns="http://www.w3.org/2000/svg"
          >
            <path
              clip-rule="evenodd"
              d="M5.364 14.364a1 1 0 0 0 1.414 0l4.95-4.95.707-.707a1 1 0 0 0 0-1.414l-.707-.707-4.95-4.95a1 1 0 0 0-1.414 0l-.707.707a1 1 0 0 0 0 1.414L8.899 8l-4.242 4.243a1 1 0 0 0 0 1.414z"
              fill="currentColor"
              fill-rule="evenodd"
            />
          </svg>
        </div>
      </button>
    </div>
  </div>
</DocumentFragment>
`;
