// Jest Snapshot v1, https://jestjs.io/docs/snapshot-testing

exports[`ProductUpdateDetail component renders correctly 1`] = `
<DocumentFragment>
  .emotion-0 {
  width: 100vw;
  padding: 64px;
}

.emotion-1 {
  max-width: 968px;
  margin: 0 auto;
}

.emotion-2 {
  margin-bottom: 40px;
}

.emotion-3 {
  display: -webkit-box;
  display: -webkit-flex;
  display: -ms-flexbox;
  display: flex;
  -webkit-align-items: center;
  -webkit-box-align: center;
  -ms-flex-align: center;
  align-items: center;
  -webkit-flex-direction: row;
  -ms-flex-direction: row;
  flex-direction: row;
  -webkit-text-decoration: none;
  text-decoration: none;
  font-size: 16px;
  font-weight: 500;
}

.emotion-4 {
  margin-left: 4px;
  color: #016BF8;
}

.emotion-5 {
  margin: unset;
  font-family: 'Euclid Circular A','Helvetica Neue',Helvetica,Arial,sans-serif;
  color: #001E2B;
  font-size: 13px;
  line-height: 20px;
  color: #001E2B;
  font-weight: 400;
  margin-left: 4px;
  color: #016BF8;
}

.emotion-5 strong,
.emotion-5 b {
  font-weight: 600;
}

.emotion-6 {
  margin: unset;
  font-family: 'Euclid Circular A','Helvetica Neue',Helvetica,Arial,sans-serif;
  color: #001E2B;
  font-size: 24px;
  line-height: 32px;
  font-weight: 500;
  color: #001E2B;
  line-height: 40px;
  margin-bottom: 12px;
  font-weight: 400;
  color: #001E2B;
  font-family: 'MongoDB Value Serif';
}

@media not all and (max-width: 1024px) {
  .emotion-6 {
    font-size: 48px;
    line-height: 64px;
  }
}

.emotion-7 {
  margin: unset;
  font-family: 'Euclid Circular A','Helvetica Neue',Helvetica,Arial,sans-serif;
  color: #001E2B;
  font-size: 13px;
  line-height: 20px;
  color: #001E2B;
  font-weight: 400;
  font-size: 13px;
  line-height: 20px;
  color: #5C6C75;
  margin-bottom: 24px;
}

.emotion-7 strong,
.emotion-7 b {
  font-weight: 600;
}

@media not all and (max-width: 1024px) {
  .emotion-7 {
    font-size: 16px;
    line-height: 28px;
  }
}

.emotion-8 {
  margin: unset;
  font-family: 'Euclid Circular A','Helvetica Neue',Helvetica,Arial,sans-serif;
  color: #001E2B;
  font-size: 13px;
  line-height: 20px;
  color: #001E2B;
  font-weight: 400;
  font-size: 16px;
  line-height: 28px;
  color: #001E2B;
  margin-bottom: 40px;
  white-space: pre-line;
}

.emotion-8 strong,
.emotion-8 b {
  font-weight: 600;
}

.emotion-9 {
  margin: unset;
  font-family: 'Euclid Circular A','Helvetica Neue',Helvetica,Arial,sans-serif;
  color: #001E2B;
  font-size: 24px;
  line-height: 32px;
  font-weight: 500;
  color: #001E2B;
  font-size: 24px;
  line-height: 32px;
  margin-bottom: 24px;
  color: #001E2B;
  font-weight: 500;
}

.emotion-10 {
  display: grid;
  grid-template-columns: 1fr;
  gap: 16px;
}

@media not all and (max-width: 1200px) {
  .emotion-10 {
    grid-template-columns: repeat(2, 1fr);
    gap: 24px;
  }
}

.emotion-11 {
  position: relative;
  -webkit-transition: 150ms ease-in-out;
  transition: 150ms ease-in-out;
  transition-property: border,box-shadow;
  border-radius: 24px;
  font-family: 'Euclid Circular A','Helvetica Neue',Helvetica,Arial,sans-serif;
  font-size: 13px;
  line-height: 20px;
  padding: 24px;
  min-height: 68px;
  border: 1px solid #E8EDEB;
  box-shadow: 0 4px 10px -4px rgba(0,30,43,0.3);
  background-color: #FFFFFF;
  color: #1C2D38;
  cursor: pointer;
  display: -webkit-box;
  display: -webkit-flex;
  display: -ms-flexbox;
  display: flex;
  -webkit-flex-direction: column;
  -ms-flex-direction: column;
  flex-direction: column;
  padding: 24px;
  cursor: pointer;
  -webkit-text-decoration: none;
  text-decoration: none;
  -webkit-transition: all 0.2s ease;
  transition: all 0.2s ease;
  max-width: 472px;
}

.emotion-11:focus {
  outline: none;
  box-shadow: 0 0 0 2px #FFFFFF,0 0 0 4px #0498EC,0 4px 10px -4px rgba(0,30,43,0.3);
}

.emotion-11:hover,
.emotion-11:active {
  border: 1px solid #E8EDEB;
  box-shadow: 0 4px 20px -4px rgba(0,30,43,0.2);
}

.emotion-11:hover:focus,
.emotion-11:active:focus {
  box-shadow: 0 0 0 2px #FFFFFF,0 0 0 4px #0498EC,0 4px 20px -4px rgba(0,30,43,0.2);
}

.emotion-11:hover {
  -webkit-transform: translateY(-2px);
  -moz-transform: translateY(-2px);
  -ms-transform: translateY(-2px);
  transform: translateY(-2px);
  box-shadow: 0 4px 12px rgba(0, 0, 0, 0.15);
}

.emotion-12 {
  display: -webkit-inline-box;
  display: -webkit-inline-flex;
  display: -ms-inline-flexbox;
  display: inline-flex;
  -webkit-align-items: center;
  -webkit-box-align: center;
  -ms-flex-align: center;
  align-items: center;
  gap: 4px;
  margin-bottom: 16px;
  padding: 0 6px;
  width: -webkit-fit-content;
  width: -moz-fit-content;
  width: fit-content;
  border-radius: 6px;
  background-color: #C3E7FE;
}

.emotion-13 {
  margin: unset;
  font-family: 'Euclid Circular A','Helvetica Neue',Helvetica,Arial,sans-serif;
  color: #001E2B;
  font-size: 13px;
  line-height: 20px;
  color: #001E2B;
  font-weight: 400;
  font-size: 12px;
  line-height: 22px;
  font-weight: 400;
  color: #083C90;
}

.emotion-13 strong,
.emotion-13 b {
  font-weight: 600;
}

.emotion-14 {
  margin: unset;
  font-family: 'Euclid Circular A','Helvetica Neue',Helvetica,Arial,sans-serif;
  color: #001E2B;
  font-size: 13px;
  line-height: 20px;
  color: #001E2B;
  font-weight: 400;
  font-size: 18px;
  line-height: 24px;
  font-weight: 600;
  color: #001E2B;
  margin: 0;
}

.emotion-14 strong,
.emotion-14 b {
  font-weight: 600;
}

<div
    class="emotion-0"
  >
    <div
      class="emotion-1"
    >
      <div
        class="emotion-2"
      >
        <a
          class="emotion-3"
          href="/products/updates"
        >
          <svg
            aria-label="Arrow Left Icon"
            class="emotion-4"
            fill="none"
            height="16"
            role="img"
            viewBox="0 0 16 16"
            width="16"
            xmlns="http://www.w3.org/2000/svg"
          >
            <path
              d="M13 6.832H6.056L7.59 5.297a1 1 0 0 0 0-1.414l-.24-.239a1 1 0 0 0-1.414 0L2.555 7.027q-.014.012-.027.026l-.24.239a1 1 0 0 0 0 1.414l3.652 3.651a1 1 0 0 0 1.414 0l.239-.239a1 1 0 0 0 0-1.414L6.059 9.17H13a1 1 0 0 0 1-1v-.338a1 1 0 0 0-1-1"
              fill="currentColor"
            />
          </svg>
          <p
            class="emotion-5"
          >
            See all updates
          </p>
        </a>
      </div>
      <div>
        <h3
          class="emotion-6"
        >
          MongoDB SQL Interface for Enterprise Advanced Now Generally Available
        </h3>
        <p
          class="emotion-7"
        >
          September 16, 2025
        </p>
      </div>
      <p
        class="emotion-8"
      >
        What it is: 
SQL Interface for Enterprise Advanced provides direct SQL connectivity to self-managed MongoDB deployments through standard ODBC and JDBC connections. It uses the SQL Schema Builder CLI to generate comprehensive JSON schemas and translates SQL queries into MongoDB operations in real-time.

Who it's for:
This is built for data analysts, data scientists, and data engineers who are SQL experts but need access to MongoDB data. It's designed for teams running self-managed MongoDB deployments who want to avoid learning MQL or building custom ETL pipelines.

Why it matters:
SQL Interface eliminates the friction between SQL expertise and MongoDB's document model. Teams can leverage their existing skills and tools to access live MongoDB data without maintaining ETL processes or dealing with outdated information. This enables self-service analytics and faster decision-making while preserving operational workflows.

How to get started:
Check out the link to our documentation below for configuration options and best practices, or head over to the Download Center to get the SQL Schema Builder CLI and drivers for your deployment.
      </p>
      <h3
        class="emotion-9"
      >
        Related Content
      </h3>
      <div
        class="emotion-10"
      >
        <div
          class="emotion-11"
        >
          <div
            class="emotion-12"
          >
            <svg
              aria-label="Note Icon"
              class=""
              color="#083C90"
              fill="none"
              height="16"
              role="img"
              viewBox="0 0 16 16"
              width="16"
              xmlns="http://www.w3.org/2000/svg"
            >
              <path
                d="M4.5 6.25a.75.75 0 0 1 .75-.75h3.5a.75.75 0 0 1 0 1.5h-3.5a.75.75 0 0 1-.75-.75M4.5 8.75A.75.75 0 0 1 5.25 8h1.5a.75.75 0 0 1 0 1.5h-1.5a.75.75 0 0 1-.75-.75"
                fill="currentColor"
              />
              <path
                clip-rule="evenodd"
                d="m15 10-4 4H3a2 2 0 0 1-2-2V4a2 2 0 0 1 2-2h10a2 2 0 0 1 2 2zm-2-6H3v8h7v-2a1 1 0 0 1 1-1h2z"
                fill="currentColor"
                fill-rule="evenodd"
              />
            </svg>
            <p
              class="emotion-13"
            >
              Docs
            </p>
          </div>
          <p
            class="emotion-14"
          />
        </div>
        <div
          class="emotion-11"
        >
          <div
            class="emotion-12"
          >
            <p
              class="emotion-13"
            >
              Web
            </p>
          </div>
          <p
            class="emotion-14"
          />
        </div>
      </div>
    </div>
  </div>
</DocumentFragment>
`;
