// Jest Snapshot v1, https://jestjs.io/docs/snapshot-testing

exports[`ProductUpdateDetail component renders correctly 1`] = `
<DocumentFragment>
  .emotion-0 {
  max-width: 1550px;
  margin: 48px auto 0;
  padding: 0 24px;
}

@media not all and (max-width: 1200px) {
  .emotion-0 {
    padding: 0 32px;
  }
}

.emotion-1 {
  font-family: 'Euclid Circular A','Helvetica Neue',Helvetica,Arial,sans-serif;
  display: inline;
  -webkit-align-items: center;
  -webkit-box-align: center;
  -ms-flex-align: center;
  align-items: center;
  -webkit-text-decoration: none;
  text-decoration: none;
  text-decoration-color: transparent;
  cursor: pointer;
  font-size: inherit;
  line-height: inherit;
  -webkit-appearance: none;
  -moz-appearance: none;
  -ms-appearance: none;
  appearance: none;
  background: none;
  border: none;
  padding: 0;
  font-size: 13px;
  line-height: 20px;
  color: #016BF8;
  font-weight: 400;
  font-size: 18px;
  font-weight: 600;
  line-height: 24px;
  margin-bottom: 16px;
  margin-left: 24px;
  opacity: 0.5;
}

.emotion-1:hover,
.emotion-1[data-hover='true'],
.emotion-1:focus-visible,
.emotion-1[data-focus='true'] {
  -webkit-text-decoration: underline;
  text-decoration: underline;
  -webkit-transition: text-decoration 150ms ease-in-out;
  transition: text-decoration 150ms ease-in-out;
  text-underline-offset: 4px;
  text-decoration-thickness: 2px;
}

.emotion-1:focus {
  outline: none;
}

.emotion-1:hover,
.emotion-1[data-hover='true'] {
  text-decoration-color: #E8EDEB;
}

.emotion-1:focus-visible,
.emotion-1[data-focus='true'] {
  text-decoration-color: #016BF8;
}

@media not all and (max-width: 1200px) {
  .emotion-1 {
    margin-left: 32px;
  }
}

.emotion-2 {
  display: -webkit-box;
  display: -webkit-flex;
  display: -ms-flexbox;
  display: flex;
  -webkit-flex-direction: column;
  -ms-flex-direction: column;
  flex-direction: column;
  -webkit-align-items: flex-start;
  -webkit-box-align: flex-start;
  -ms-flex-align: flex-start;
  align-items: flex-start;
  -webkit-box-pack: center;
  -ms-flex-pack: center;
  -webkit-justify-content: center;
  justify-content: center;
  padding: 0 24px;
}

@media not all and (max-width: 1200px) {
  .emotion-2 {
    -webkit-flex-direction: row;
    -ms-flex-direction: row;
    flex-direction: row;
    padding: 0 32px;
  }
}

.emotion-3 {
  display: -webkit-box;
  display: -webkit-flex;
  display: -ms-flexbox;
  display: flex;
  -webkit-flex-direction: column;
  -ms-flex-direction: column;
  flex-direction: column;
  width: 100%;
  margin-bottom: 24px;
  gap: 16px;
}

@media not all and (max-width: 767px) {
  .emotion-3 {
    -webkit-flex-direction: row;
    -ms-flex-direction: row;
    flex-direction: row;
  }
}

@media not all and (max-width: 1200px) {
  .emotion-3 {
    -webkit-flex-direction: column;
    -ms-flex-direction: column;
    flex-direction: column;
    width: 224px;
    -webkit-flex-shrink: 0;
    -ms-flex-negative: 0;
    flex-shrink: 0;
  }
}

.emotion-4 {
  display: -webkit-box;
  display: -webkit-flex;
  display: -ms-flexbox;
  display: flex;
  -webkit-flex-direction: column;
  -ms-flex-direction: column;
  flex-direction: column;
  gap: 8px;
}

@media not all and (max-width: 767px) {
  .emotion-4 {
    -webkit-flex: 1;
    -ms-flex: 1;
    flex: 1;
    min-width: 0;
  }
}

.emotion-5 {
  margin: unset;
  font-family: 'Euclid Circular A','Helvetica Neue',Helvetica,Arial,sans-serif;
  color: #001E2B;
  font-size: 13px;
  line-height: 20px;
  color: #001E2B;
  font-weight: 400;
  font-size: 16px;
  line-height: 28px;
  font-weight: 600;
  color: #001E2B;
}

.emotion-5 strong,
.emotion-5 b {
  font-weight: 600;
}

.emotion-6 {
  display: -webkit-box;
  display: -webkit-flex;
  display: -ms-flexbox;
  display: flex;
  -webkit-flex-direction: column;
  -ms-flex-direction: column;
  flex-direction: column;
  gap: 8px;
  padding-left: 16px;
}

.emotion-7 {
  display: grid;
  grid-template-columns: 14px auto;
  grid-template-areas: 'label label' '. description';
  gap: 0 8px;
  position: relative;
  -webkit-align-items: center;
  -webkit-box-align: center;
  -ms-flex-align: center;
  align-items: center;
  -webkit-box-pack: start;
  -ms-flex-pack: start;
  -webkit-justify-content: flex-start;
  justify-content: flex-start;
  z-index: 0;
}

.emotion-8 {
  color: #001E2B;
  font-family: 'Euclid Circular A','Helvetica Neue',Helvetica,Arial,sans-serif;
  font-weight: 600;
  font-size: 13px;
  line-height: 20px;
  grid-area: label;
  display: grid;
  grid-template-columns: 14px auto;
  grid-template-areas: 'check text';
  gap: 8px;
  -webkit-box-pack: start;
  -ms-flex-pack: start;
  -webkit-justify-content: flex-start;
  justify-content: flex-start;
  -webkit-align-items: baseline;
  -webkit-box-align: baseline;
  -ms-flex-align: baseline;
  align-items: baseline;
  cursor: pointer;
}

.emotion-8:hover:not(:focus-within)>.lg-ui-input-0000:not([disabled])+.lg-ui-check-wrapper-0000 {
  box-shadow: 0 0 0 3px #E8EDEB;
}

.emotion-9 {
  margin: 0;
  position: absolute;
  height: 0;
  width: 0;
  left: 0;
  top: 0;
  pointer-events: none;
  opacity: 0;
}

.emotion-9:focus-visible+.lg-ui-check-wrapper-0000 {
  box-shadow: 0 0 0 2px #FFFFFF,0 0 0 4px #0498EC;
}

.emotion-10 {
  grid-area: check;
  position: relative;
  display: -webkit-box;
  display: -webkit-flex;
  display: -ms-flexbox;
  display: flex;
  z-index: 1;
  height: 14px;
  width: 14px;
  -webkit-align-items: center;
  -webkit-box-align: center;
  -ms-flex-align: center;
  align-items: center;
  -webkit-box-pack: center;
  -ms-flex-pack: center;
  -webkit-justify-content: center;
  justify-content: center;
  border-radius: 3px;
  border: 2px solid;
  overflow: hidden;
  background-color: transparent;
  -webkit-transition: box-shadow 100ms ease-in-out,background-color 0ms linear,border-color 0ms linear;
  transition: box-shadow 100ms ease-in-out,background-color 0ms linear,border-color 0ms linear;
  transition-delay: 0ms,0ms,100ms;
  border-color: #3D4F58;
}

.emotion-10:before {
  content: '';
  position: absolute;
  inset: -41.42135623730951%;
  z-index: 1;
  border-radius: 100%;
  -webkit-transform: scale(0);
  -moz-transform: scale(0);
  -ms-transform: scale(0);
  transform: scale(0);
  transform-origin: center center;
  -webkit-transition: -webkit-transform 100ms ease-in-out;
  transition: transform 100ms ease-in-out;
  transition-delay: 50ms;
}

.emotion-10:before {
  background-color: #016BF8;
}

.emotion-11 {
  z-index: 1;
  transform-origin: center;
  -webkit-transition: -webkit-transform 100ms ease-in-out;
  transition: transform 100ms ease-in-out;
  -webkit-transform: scale(0) rotate(-45deg);
  -moz-transform: scale(0) rotate(-45deg);
  -ms-transform: scale(0) rotate(-45deg);
  transform: scale(0) rotate(-45deg);
}

.emotion-12 {
  grid-area: check;
  position: relative;
  top: 2px;
  height: 14px;
  width: 14px;
  z-index: 0;
  border-radius: 100%;
  opacity: 1;
  -webkit-transform: scale(0);
  -moz-transform: scale(0);
  -ms-transform: scale(0);
  transform: scale(0);
  transform-origin: center center;
  -webkit-transition: 0ms ease-in-out;
  transition: 0ms ease-in-out;
  transition-property: transform,opacity;
  background-color: #1254B7;
}

.emotion-13 {
  -webkit-align-self: baseline;
  -ms-flex-item-align: baseline;
  align-self: baseline;
  font-weight: 400;
}

.emotion-34 {
  max-width: 1018px;
  width: 100%;
  margin: 0 0 48px 0;
}

@media not all and (max-width: 1200px) {
  .emotion-34 {
    margin: 0 99px 48px 99px;
  }
}

.emotion-35 {
  display: -webkit-box;
  display: -webkit-flex;
  display: -ms-flexbox;
  display: flex;
  -webkit-flex-direction: column;
  -ms-flex-direction: column;
  flex-direction: column;
  -webkit-box-pack: justify;
  -webkit-justify-content: space-between;
  justify-content: space-between;
  width: 100%;
  max-width: 902px;
  -webkit-flex: 1;
  -ms-flex: 1;
  flex: 1;
  margin-right: 199px;
}

.emotion-36 {
  margin-bottom: 7px;
  width: 100%;
}

.emotion-37 {
  outline: none;
}

.emotion-38 {
  position: relative;
  display: grid;
  grid-auto-flow: column;
  -webkit-align-items: center;
  -webkit-box-align: center;
  -ms-flex-align: center;
  align-items: center;
  justify-items: center;
  border: 1px solid;
  border-radius: 6px;
  z-index: 0;
  -webkit-transition: 150ms ease-in-out;
  transition: 150ms ease-in-out;
  transition-property: border-color,box-shadow;
  font-size: 13px;
  line-height: 20px;
  height: 36px;
  grid-template-columns: 36px 1fr 36px;
  color: #001E2B;
  background: #FFFFFF;
  border-color: #889397;
}

.emotion-38:hover:not(:disabled):not(:focus-within),
.emotion-38:active:not(:disabled):not(:focus-within) {
  box-shadow: 0 0 0 3px #E8EDEB;
}

.emotion-39 {
  -webkit-flex-shrink: 0;
  -ms-flex-negative: 0;
  flex-shrink: 0;
  color: #5C6C75;
  margin-left: 8px;
}

.emotion-40 {
  font-size: inherit;
  line-height: inherit;
  color: inherit;
  background-color: inherit;
  font-family: 'Euclid Circular A','Helvetica Neue',Helvetica,Arial,sans-serif;
  width: 100%;
  height: 1.5em;
  font-weight: 400;
  z-index: 1;
  outline: none;
  border: none;
  padding: 0;
}

.emotion-40[aria-disabled='true'] {
  cursor: not-allowed;
}

.emotion-40[aria-disabled='true']:hover,
.emotion-40[aria-disabled='true']:active {
  box-shadow: none;
}

.emotion-40::-webkit-input-placeholder {
  font-size: inherit;
  line-height: inherit;
}

.emotion-40::-moz-placeholder {
  font-size: inherit;
  line-height: inherit;
}

.emotion-40:-ms-input-placeholder {
  font-size: inherit;
  line-height: inherit;
}

.emotion-40::placeholder {
  font-size: inherit;
  line-height: inherit;
}

.emotion-40::-ms-clear,
.emotion-40::-ms-reveal {
  display: none;
  width: 0;
  height: 0;
}

.emotion-40::-webkit-search-decoration,
.emotion-40::-webkit-search-cancel-button,
.emotion-40::-webkit-search-results-button,
.emotion-40::-webkit-search-results-decoration {
  display: none;
}

.emotion-40:-webkit-autofill {
  color: inherit;
  background: transparent;
  border: none;
  -webkit-text-fill-color: inherit;
}

.emotion-40:-webkit-autofill[aria-disabled='false'] {
  box-shadow: 0 0 0 100px #FFFFFF inset;
}

.emotion-40:-webkit-autofill[aria-disabled='false']:focus {
  box-shadow: 0 0 0 100px #FFFFFF inset,0 0 0 3px #0498EC;
}

.emotion-40:-webkit-autofill[aria-disabled='false']:hover:not(:focus) {
  box-shadow: 0 0 0 100px #FFFFFF inset,0 0 0 3px #E8EDEB;
}

.emotion-40::-webkit-input-placeholder {
  color: #889397;
  font-weight: 400;
}

.emotion-40::-moz-placeholder {
  color: #889397;
  font-weight: 400;
}

.emotion-40:-ms-input-placeholder {
  color: #889397;
  font-weight: 400;
}

.emotion-40::placeholder {
  color: #889397;
  font-weight: 400;
}

.emotion-40[aria-disabled='true']::-webkit-input-placeholder {
  color: #889397;
}

.emotion-40[aria-disabled='true']::-moz-placeholder {
  color: #889397;
}

.emotion-40[aria-disabled='true']:-ms-input-placeholder {
  color: #889397;
}

.emotion-40[aria-disabled='true']::placeholder {
  color: #889397;
}

.emotion-40[aria-disabled='true']:-webkit-autofill,
.emotion-40[aria-disabled='true']:-webkit-autofill:hover,
.emotion-40[aria-disabled='true']:-webkit-autofill:focus {
  -webkit-appearance: none;
  -moz-appearance: none;
  -ms-appearance: none;
  appearance: none;
  border: 1px solid #889397;
  -webkit-text-fill-color: #889397;
  box-shadow: 0 0 0 100px #E8EDEB inset;
}

.emotion-41 {
  display: -webkit-box;
  display: -webkit-flex;
  display: -ms-flexbox;
  display: flex;
  -webkit-flex-direction: column;
  -ms-flex-direction: column;
  flex-direction: column;
  -webkit-flex: 1;
  -ms-flex: 1;
  flex: 1;
  padding: 16px;
  border-bottom: 1px solid #889397;
}

.emotion-41:last-child {
  border-bottom: none;
}

.emotion-41:hover {
  cursor: pointer;
}

.emotion-42 {
  margin: unset;
  font-family: 'Euclid Circular A','Helvetica Neue',Helvetica,Arial,sans-serif;
  color: #001E2B;
  font-size: 13px;
  line-height: 20px;
  color: #001E2B;
  font-weight: 400;
  font-size: 13px;
  line-height: 20px;
  color: var(--whats-new-gray-dark1);
}

.emotion-42 strong,
.emotion-42 b {
  font-weight: 600;
}

.emotion-43 {
  font-size: 18px;
  line-height: 24px;
  color: var(--whats-new-dark-blue);
  font-weight: 500;
  margin-bottom: 4px;
}

@media not all and (max-width: 767px) {
  .emotion-43 {
    font-size: 24px;
    line-height: 32px;
  }
}

.emotion-44 {
  font-size: 13px;
  line-height: 20px;
  color: #001E2B;
}

@media not all and (max-width: 767px) {
  .emotion-44 {
    font-size: 16px;
    line-height: 28px;
  }
}

.emotion-45 {
  display: grid;
  grid-template-columns: 1fr auto;
  -webkit-align-items: center;
  -webkit-box-align: center;
  -ms-flex-align: center;
  align-items: center;
  gap: 1rem;
  margin-top: 7px;
  padding: 16px;
  border-top: 2px solid #E8EDEB;
}

.emotion-46 {
  margin: unset;
  font-family: 'Euclid Circular A','Helvetica Neue',Helvetica,Arial,sans-serif;
  color: #001E2B;
  font-size: 13px;
  line-height: 20px;
  color: #001E2B;
  font-weight: 400;
  font-size: 13px;
  justify-self: center;
  line-height: 20px;
  color: #001E2B;
}

.emotion-46 strong,
.emotion-46 b {
  font-weight: 600;
}

.emotion-47 {
  display: -webkit-box;
  display: -webkit-flex;
  display: -ms-flexbox;
  display: flex;
}

.emotion-48 {
  display: -webkit-box;
  display: -webkit-flex;
  display: -ms-flexbox;
  display: flex;
  -webkit-align-items: center;
  -webkit-box-align: center;
  -ms-flex-align: center;
  align-items: center;
  gap: 8px;
}

.emotion-49 {
  display: -webkit-box;
  display: -webkit-flex;
  display: -ms-flexbox;
  display: flex;
  -webkit-flex-direction: column;
  -ms-flex-direction: column;
  flex-direction: column;
}

.emotion-49 {
  display: -webkit-box;
  display: -webkit-flex;
  display: -ms-flexbox;
  display: flex;
  -webkit-flex-direction: column;
  -ms-flex-direction: column;
  flex-direction: column;
}

.emotion-50 {
  -webkit-appearance: none;
  -moz-appearance: none;
  -ms-appearance: none;
  appearance: none;
  padding: 0;
  margin: 0;
  background-color: transparent;
  border: 1px solid transparent;
  display: -webkit-inline-box;
  display: -webkit-inline-flex;
  display: -ms-inline-flexbox;
  display: inline-flex;
  -webkit-align-items: stretch;
  -webkit-box-align: stretch;
  -ms-flex-align: stretch;
  align-items: stretch;
  -webkit-transition: all 150ms ease-in-out;
  transition: all 150ms ease-in-out;
  position: relative;
  -webkit-text-decoration: none;
  text-decoration: none;
  cursor: pointer;
  z-index: 0;
  font-family: 'Euclid Circular A','Helvetica Neue',Helvetica,Arial,sans-serif;
  border-radius: 6px;
  background-color: #F9FBFA;
  border-color: #889397;
  color: #001E2B;
  font-size: 13px;
  line-height: 20px;
  font-weight: 500;
  height: 28px;
  font-weight: 400;
  background-color: #FFFFFF;
  width: 100%;
}

.emotion-50:focus-visible,
.emotion-50[data-focus="true"] {
  outline: none;
}

.emotion-50:active,
.emotion-50[data-active="true"],
.emotion-50:focus,
.emotion-50:hover {
  -webkit-text-decoration: none;
  text-decoration: none;
}

.emotion-50:focus-visible,
.emotion-50[data-focus="true"] {
  color: #001E2B;
}

.emotion-50:hover,
.emotion-50[data-hover="true"],
.emotion-50:active,
.emotion-50[data-active="true"] {
  color: #001E2B;
  background-color: #FFFFFF;
  box-shadow: 0 0 0 3px #E8EDEB;
}

.emotion-50:focus-visible,
.emotion-50[data-focus="true"] {
  background-color: #FFFFFF;
  box-shadow: 0 0 0 2px #FFFFFF,0 0 0 4px #0498EC;
}

.emotion-50>*:last-child {
  grid-template-columns: 1fr 16px;
  -webkit-box-pack: start;
  -ms-flex-pack: start;
  -webkit-justify-content: flex-start;
  justify-content: flex-start;
}

.emotion-50>*:last-child>svg {
  justify-self: right;
  width: 16px;
  height: 16px;
}

.emotion-50>*:last-child>svg {
  color: #5C6C75;
}

.emotion-50>*:last-child {
  padding: 0 4px 0 8px;
}

.emotion-50:focus-visible {
  box-shadow: 0 0 0 3px #0498EC;
  border-color: rgba(255, 255, 255, 0);
}

@media only screen and (max-width: 768px) and (hover: none) and (pointer: coarse),@media only screen and (max-width: 768px) and (hover: none) and (pointer: none) {
  .emotion-50 {
    height: 36px;
    font-size: 16px;
  }
}

.emotion-51 {
  overflow: hidden;
  position: absolute;
  top: 0;
  left: 0;
  right: 0;
  bottom: 0;
  border-radius: 5px;
}

.emotion-52 {
  display: grid;
  grid-auto-flow: column;
  -webkit-box-pack: center;
  -ms-flex-pack: center;
  -webkit-justify-content: center;
  justify-content: center;
  -webkit-align-items: center;
  -webkit-box-align: center;
  -ms-flex-align: center;
  align-items: center;
  height: 100%;
  width: 100%;
  position: relative;
  -webkit-user-select: none;
  -moz-user-select: none;
  -ms-user-select: none;
  user-select: none;
  z-index: 0;
  -webkit-transition: all 150 ease-in-out;
  transition: all 150 ease-in-out;
  padding: 0 11px;
  gap: 6px;
}

.emotion-53 {
  display: -webkit-box;
  display: -webkit-flex;
  display: -ms-flexbox;
  display: flex;
  -webkit-box-pack: justify;
  -webkit-justify-content: space-between;
  justify-content: space-between;
  -webkit-align-items: center;
  -webkit-box-align: center;
  -ms-flex-align: center;
  align-items: center;
  -webkit-box-flex: 1;
  -webkit-flex-grow: 1;
  -ms-flex-positive: 1;
  flex-grow: 1;
  gap: 4px;
  overflow: hidden;
}

.emotion-54 {
  overflow: hidden;
  white-space: nowrap;
  text-overflow: ellipsis;
  max-width: 100%;
}

.emotion-55 {
  -webkit-flex-shrink: 0;
  -ms-flex-negative: 0;
  flex-shrink: 0;
}

.emotion-56 {
  color: #889397;
  height: 16px;
  width: 16px;
  justify-self: left;
}

.emotion-57 {
  display: none;
}

.emotion-58 {
  display: -webkit-box;
  display: -webkit-flex;
  display: -ms-flexbox;
  display: flex;
  gap: 4px;
}

.emotion-59 {
  font-size: 13px;
}

.emotion-60 {
  display: -webkit-box;
  display: -webkit-flex;
  display: -ms-flexbox;
  display: flex;
  -webkit-align-items: center;
  -webkit-box-align: center;
  -ms-flex-align: center;
  align-items: center;
  margin-left: 5px;
}

.emotion-61 {
  border: none;
  -webkit-appearance: unset;
  padding: unset;
  display: inline-block;
  border-radius: 100px;
  position: relative;
  cursor: pointer;
  -webkit-flex-shrink: 0;
  -ms-flex-negative: 0;
  flex-shrink: 0;
  -webkit-transition: 150ms ease-in-out;
  transition: 150ms ease-in-out;
  transition-property: color,box-shadow;
  background-color: rgba(255, 255, 255, 0);
  height: 28px;
  width: 28px;
  color: #5C6C75;
  cursor: not-allowed;
  color: #C1C7C6;
  background-color: rgba(255, 255, 255, 0);
}

.emotion-61::before {
  content: '';
  -webkit-transition: 150ms all ease-in-out;
  transition: 150ms all ease-in-out;
  position: absolute;
  top: 0;
  bottom: 0;
  left: 0;
  right: 0;
  border-radius: 100%;
  -webkit-transform: scale(0.8);
  -moz-transform: scale(0.8);
  -ms-transform: scale(0.8);
  transform: scale(0.8);
}

.emotion-61:active:before,
.emotion-61:hover:before,
.emotion-61:focus:before,
.emotion-61[data-hover='true']:before,
.emotion-61[data-focus='true']:before {
  -webkit-transform: scale(1);
  -moz-transform: scale(1);
  -ms-transform: scale(1);
  transform: scale(1);
}

.emotion-61:focus {
  outline: none;
}

.emotion-61:active,
.emotion-61:hover,
.emotion-61[data-hover='true'] {
  color: #001E2B;
}

.emotion-61:active::before,
.emotion-61:hover::before,
.emotion-61[data-hover='true']::before {
  background-color: rgba(61,79,88,0.1);
}

.emotion-61:focus-visible,
.emotion-61[data-focus='true'] {
  color: #001E2B;
  box-shadow: 0 0 0 2px #FFFFFF,0 0 0 4px #0498EC;
}

.emotion-61:focus-visible::before,
.emotion-61[data-focus='true']::before {
  background-color: rgba(61,79,88,0.1);
}

.emotion-61:active,
.emotion-61:hover,
.emotion-61[data-hover='true'] {
  color: #C1C7C6;
}

.emotion-61:active::before,
.emotion-61:hover::before,
.emotion-61[data-hover='true']::before {
  background-color: rgba(255, 255, 255, 0);
}

.emotion-61:focus,
.emotion-61[data-focus='true'] {
  color: #C1C7C6;
}

.emotion-61:focus::before,
.emotion-61[data-focus='true']::before {
  background-color: rgba(255, 255, 255, 0);
}

.emotion-62 {
  position: absolute;
  top: 0;
  bottom: 0;
  left: 0;
  right: 0;
  display: -webkit-box;
  display: -webkit-flex;
  display: -ms-flexbox;
  display: flex;
  -webkit-align-items: center;
  -webkit-box-align: center;
  -ms-flex-align: center;
  align-items: center;
  -webkit-box-pack: center;
  -ms-flex-pack: center;
  -webkit-justify-content: center;
  justify-content: center;
}

.emotion-62 {
  position: absolute;
  top: 0;
  bottom: 0;
  left: 0;
  right: 0;
  display: -webkit-box;
  display: -webkit-flex;
  display: -ms-flexbox;
  display: flex;
  -webkit-align-items: center;
  -webkit-box-align: center;
  -ms-flex-align: center;
  align-items: center;
  -webkit-box-pack: center;
  -ms-flex-pack: center;
  -webkit-justify-content: center;
  justify-content: center;
}

<div
    class="emotion-0"
  >
    <button
      aria-disabled="true"
      class="lg-ui-0001 emotion-1"
      data-testid="clear_filter_btn"
      disabled=""
    >
      <span>
        Clear Filters
      </span>
    </button>
    <div
      class="emotion-2"
    >
      <div
        class="emotion-3"
      >
        <div
          class="emotion-4"
        >
          <p
            class="emotion-5"
          >
            Offering
          </p>
          <div
            class="emotion-6"
          >
            <div
              class="emotion-7"
              data-lgid="lg-checkbox"
              data-testid="lg-checkbox"
            >
              <label
                class="emotion-8"
                data-lgid="lg-checkbox-label"
                data-testid="lg-checkbox"
                for="checkbox-1"
                id="checkbox-1-label"
              >
                <input
                  aria-checked="false"
                  aria-disabled="false"
                  aria-label="checkbox"
                  aria-labelledby="checkbox-1-label"
                  class="lg-ui-input-0000 emotion-9"
                  id="checkbox-1"
                  type="checkbox"
                />
                <div
                  class="lg-ui-check-wrapper-0000 emotion-10"
                >
                  <svg
                    class="emotion-11"
                    fill="none"
                    height="10"
                    stroke="#FFFFFF"
                    viewBox="0 0 10 10"
                    width="10"
                    xmlns="http://www.w3.org/2000/svg"
                  >
                    <path
                      d="M2 5.5L4.12132 7.62132L8.36396 3.37868"
                      stroke="#FFFFFF"
                      stroke-linecap="round"
                      stroke-linejoin="round"
                      stroke-width="2"
                    />
                  </svg>
                </div>
                <div
                  class="lg-ui-ripple-0000 emotion-12"
                />
                <span
                  class="emotion-13"
                >
                  MongoDB Enterprise Advanced
                </span>
              </label>
            </div>
          </div>
        </div>
        <div
          class="emotion-4"
        >
          <p
            class="emotion-5"
          >
            Category
          </p>
          <div
            class="emotion-6"
          >
            <div
              class="emotion-7"
              data-lgid="lg-checkbox"
              data-testid="lg-checkbox"
            >
              <label
                class="emotion-8"
                data-lgid="lg-checkbox-label"
                data-testid="lg-checkbox"
                for="checkbox-2"
                id="checkbox-2-label"
              >
                <input
                  aria-checked="false"
                  aria-disabled="false"
                  aria-label="checkbox"
                  aria-labelledby="checkbox-2-label"
                  class="lg-ui-input-0000 emotion-9"
                  id="checkbox-2"
                  type="checkbox"
                />
                <div
                  class="lg-ui-check-wrapper-0000 emotion-10"
                >
                  <svg
                    class="emotion-11"
                    fill="none"
                    height="10"
                    stroke="#FFFFFF"
                    viewBox="0 0 10 10"
                    width="10"
                    xmlns="http://www.w3.org/2000/svg"
                  >
                    <path
                      d="M2 5.5L4.12132 7.62132L8.36396 3.37868"
                      stroke="#FFFFFF"
                      stroke-linecap="round"
                      stroke-linejoin="round"
                      stroke-width="2"
                    />
                  </svg>
                </div>
                <div
                  class="lg-ui-ripple-0000 emotion-12"
                />
                <span
                  class="emotion-13"
                >
                  Data Services
                </span>
              </label>
            </div>
          </div>
        </div>
        <div
          class="emotion-4"
        >
          <p
            class="emotion-5"
          >
            Product
          </p>
          <div
            class="emotion-6"
          >
            <div
              class="emotion-7"
              data-lgid="lg-checkbox"
              data-testid="lg-checkbox"
            >
              <label
                class="emotion-8"
                data-lgid="lg-checkbox-label"
                data-testid="lg-checkbox"
                for="checkbox-3"
                id="checkbox-3-label"
              >
                <input
                  aria-checked="false"
                  aria-disabled="false"
                  aria-label="checkbox"
                  aria-labelledby="checkbox-3-label"
                  class="lg-ui-input-0000 emotion-9"
                  id="checkbox-3"
                  type="checkbox"
                />
                <div
                  class="lg-ui-check-wrapper-0000 emotion-10"
                >
                  <svg
                    class="emotion-11"
                    fill="none"
                    height="10"
                    stroke="#FFFFFF"
                    viewBox="0 0 10 10"
                    width="10"
                    xmlns="http://www.w3.org/2000/svg"
                  >
                    <path
                      d="M2 5.5L4.12132 7.62132L8.36396 3.37868"
                      stroke="#FFFFFF"
                      stroke-linecap="round"
                      stroke-linejoin="round"
                      stroke-width="2"
                    />
                  </svg>
                </div>
                <div
                  class="lg-ui-ripple-0000 emotion-12"
                />
                <span
                  class="emotion-13"
                >
                  Atlas SQL Interface
                </span>
              </label>
            </div>
          </div>
        </div>
      </div>
      <div
        class="emotion-34"
      >
        <div
          class="emotion-35"
        >
          <div
            class="emotion-36"
          >
            <form
              class="emotion-37"
              role="search"
            >
              <div
                aria-label="Search updates by title or description..."
                class="emotion-38"
                role="searchbox"
                tabindex="-1"
              >
                <svg
                  alt=""
                  aria-hidden="true"
                  class="emotion-39"
                  height="16"
                  role="presentation"
                  viewBox="0 0 16 16"
                  width="16"
                >
                  <path
                    clip-rule="evenodd"
                    d="M2.3234 9.81874C4.07618 11.5715 6.75062 11.8398 8.78588 10.6244L12.93 14.7685C13.4377 15.2762 14.2608 15.2762 14.7685 14.7685C15.2762 14.2608 15.2762 13.4377 14.7685 12.93L10.6244 8.78588C11.8398 6.75062 11.5715 4.07619 9.81873 2.32341C7.74896 0.253628 4.39318 0.253628 2.3234 2.32341C0.253624 4.39319 0.253624 7.74896 2.3234 9.81874ZM7.98026 4.16188C9.03467 5.2163 9.03467 6.92585 7.98026 7.98026C6.92584 9.03468 5.2163 9.03468 4.16188 7.98026C3.10746 6.92585 3.10746 5.2163 4.16188 4.16188C5.2163 3.10747 6.92584 3.10747 7.98026 4.16188Z"
                    fill="currentColor"
                    fill-rule="evenodd"
                  />
                </svg>
                <input
                  class="emotion-40"
                  placeholder="Search updates by title or description..."
                  type="search"
                  value=""
                />
              </div>
            </form>
          </div>
          <div
            class="emotion-41"
          >
            <p
              class="emotion-42"
            >
              September 16, 2025
            </p>
            <div
              class="emotion-43"
            >
              MongoDB SQL Interface for Enterprise Advanced Now Generally Available
            </div>
            <div
              class="emotion-44"
            >
              What it is: 
SQL Interface for Enterprise Advanced provides direct SQL connectivity to self-managed ...
            </div>
          </div>
        </div>
        <div
          class="emotion-45"
        >
          <p
            class="emotion-46"
          >
            1-1 of 1 items
          </p>
          <div
            class="emotion-47"
          >
            <div
              class="emotion-48"
            >
              <div
                class="emotion-49"
                data-lgid="lg-select"
                data-testid="lg-select"
              >
                <button
                  aria-controls="select-1-menu"
                  aria-describedby="select-1-description"
                  aria-disabled="false"
                  aria-expanded="false"
                  aria-invalid="false"
                  aria-label="pagination"
                  class="lg-ui-button-0000 emotion-50"
                  data-lgid="lg-select-trigger"
                  data-testid="leafygreen-ui-select-menubutton"
                  id="select-2"
                  type="button"
                  value="1"
                >
                  <div
                    class="emotion-51"
                  />
                  <div
                    class="emotion-52"
                  >
                    <div
                      class="emotion-53"
                    >
                      <div
                        class="lg-ui-select-menu-0000 emotion-54"
                        data-lgid="lg-select-button_text"
                        data-testid="lg-select-button_text"
                      >
                        1
                      </div>
                    </div>
                    <svg
                      alt=""
                      aria-hidden="true"
                      class="emotion-55 emotion-56"
                      height="16"
                      role="presentation"
                      viewBox="0 0 16 16"
                      width="16"
                    >
                      <path
                        d="M8.67903 10.7962C8.45271 11.0679 8.04729 11.0679 7.82097 10.7962L4.63962 6.97649C4.3213 6.59428 4.5824 6 5.06866 6L11.4313 6C11.9176 6 12.1787 6.59428 11.8604 6.97649L8.67903 10.7962Z"
                        fill="currentColor"
                      />
                    </svg>
                  </div>
                </button>
                <span
                  class="emotion-57"
                />
                <div
                  aria-live="polite"
                  aria-relevant="all"
                  class="emotion-58"
                  data-lgid="lg-form_field-feedback"
                  data-testid="lg-form_field-feedback"
                />
              </div>
              <span
                class="emotion-59"
              >
                of 1
              </span>
            </div>
            <div
              class="emotion-60"
            >
              <button
                aria-disabled="true"
                aria-label="previous"
                class="emotion-61"
                tabindex="0"
              >
                <div
                  class="emotion-62"
                >
                  <svg
                    aria-label="Chevron Left Icon"
                    class=""
                    fill="none"
                    height="16"
                    role="img"
                    viewBox="0 0 16 16"
                    width="16"
                    xmlns="http://www.w3.org/2000/svg"
                  >
                    <path
                      clip-rule="evenodd"
                      d="M10.778 1.636a1 1 0 0 0-1.414 0l-4.95 4.95-.707.707a1 1 0 0 0 0 1.414l.707.707 4.95 4.95a1 1 0 0 0 1.414 0l.707-.707a1 1 0 0 0 0-1.414L7.243 8l4.242-4.243a1 1 0 0 0 0-1.414z"
                      fill="currentColor"
                      fill-rule="evenodd"
                    />
                  </svg>
                </div>
              </button>
              <button
                aria-disabled="true"
                aria-label="next"
                class="emotion-61"
                tabindex="0"
              >
                <div
                  class="emotion-62"
                >
                  <svg
                    aria-label="Chevron Right Icon"
                    class=""
                    fill="none"
                    height="16"
                    role="img"
                    viewBox="0 0 16 16"
                    width="16"
                    xmlns="http://www.w3.org/2000/svg"
                  >
                    <path
                      clip-rule="evenodd"
                      d="M5.364 14.364a1 1 0 0 0 1.414 0l4.95-4.95.707-.707a1 1 0 0 0 0-1.414l-.707-.707-4.95-4.95a1 1 0 0 0-1.414 0l-.707.707a1 1 0 0 0 0 1.414L8.899 8l-4.242 4.243a1 1 0 0 0 0 1.414z"
                      fill="currentColor"
                      fill-rule="evenodd"
                    />
                  </svg>
                </div>
              </button>
            </div>
          </div>
        </div>
      </div>
    </div>
  </div>
</DocumentFragment>
`;
