// Jest Snapshot v1, https://jestjs.io/docs/snapshot-testing

exports[`admonitions render correctly 1`] = `
<DocumentFragment>
  .emotion-0 {
  font-family: 'Euclid Circular A','Helvetica Neue',Helvetica,Arial,sans-serif;
  color: #001E2B;
  -webkit-padding-start: 12px;
  padding-inline-start: 12px;
  position: relative;
  margin-top: 24px;
  margin-bottom: 24px;
}

.emotion-0:after {
  content: '';
  position: absolute;
  width: 3px;
  top: 0px;
  bottom: 0px;
  left: 0;
  border-radius: 2px;
  background-color: #016BF8;
}

.emotion-0 p,
.emotion-0 li::marker {
  color: var(--font-color-primary);
}

.emotion-0 p>a[class^='leafy'] {
  color: var(--link-color-primary);
  font-weight: var(--link-font-weight);
}

.emotion-0>li:last-of-type,
.emotion-0>ul:last-of-type,
.emotion-0>ol:last-of-type,
.emotion-0>li:last-of-type>p,
.emotion-0>p:last-of-type {
  margin-bottom: 0px;
}

.emotion-0 h2 {
  color: #1254B7;
}

.emotion-0:after {
  background-color: #016BF8;
}

.dark-theme .emotion-0 h2 {
  color: #C3E7FE;
}

.dark-theme .emotion-0:after {
  background-color: #0498EC;
}

.emotion-1 {
  margin: unset;
  font-family: 'Euclid Circular A','Helvetica Neue',Helvetica,Arial,sans-serif;
  color: #001E2B;
  font-size: 12px;
  font-weight: 600;
  text-transform: uppercase;
  line-height: 20px;
  letter-spacing: 0.4px;
  color: #001E2B;
  width: 100%;
  margin-block-end: 4px;
  color: #1254B7;
}

.emotion-2 {
  margin: unset;
  font-family: 'Euclid Circular A','Helvetica Neue',Helvetica,Arial,sans-serif;
  color: #001E2B;
  font-size: 16px;
  line-height: 28px;
  color: #001E2B;
  font-weight: 400;
}

.emotion-2 strong,
.emotion-2 b {
  font-weight: 600;
}

.emotion-2 a:not(.lg-ui-0001) {
  font-family: 'Euclid Circular A','Helvetica Neue',Helvetica,Arial,sans-serif;
  display: inline;
  -webkit-align-items: center;
  -webkit-box-align: center;
  -ms-flex-align: center;
  align-items: center;
  -webkit-text-decoration: none;
  text-decoration: none;
  text-decoration-color: transparent;
  cursor: pointer;
  font-size: inherit;
  line-height: inherit;
  -webkit-appearance: none;
  -moz-appearance: none;
  -ms-appearance: none;
  appearance: none;
  background: none;
  border: none;
  padding: 0;
  color: #016BF8;
  font-weight: 400;
}

.emotion-2 a:not(.lg-ui-0001):hover,
.emotion-2 a:not(.lg-ui-0001)[data-hover='true'],
.emotion-2 a:not(.lg-ui-0001):focus-visible,
.emotion-2 a:not(.lg-ui-0001)[data-focus='true'] {
  -webkit-text-decoration: underline;
  text-decoration: underline;
  -webkit-transition: text-decoration 150ms ease-in-out;
  transition: text-decoration 150ms ease-in-out;
  text-underline-offset: 4px;
  text-decoration-thickness: 2px;
}

.emotion-2 a:not(.lg-ui-0001):focus {
  outline: none;
}

.emotion-2 a:not(.lg-ui-0001):hover,
.emotion-2 a:not(.lg-ui-0001)[data-hover='true'] {
  text-decoration-color: #E8EDEB;
}

.emotion-2 a:not(.lg-ui-0001):focus-visible,
.emotion-2 a:not(.lg-ui-0001)[data-focus='true'] {
  text-decoration-color: #016BF8;
}

<div
    class="emotion-0"
    role="note"
  >
    <h2
      class="emotion-1"
    >
      Note
    </h2>
    <div
      class="emotion-2"
    >
      These instructions are for installing MongoDB directly from
    </div>
  </div>
</DocumentFragment>
`;
