// Jest Snapshot v1, https://goo.gl/fbAQLP

exports[`renders correctly 1`] = `
<DocumentFragment>
  .emotion-0 {
  margin: unset;
  font-family: 'Euclid Circular A','Helvetica Neue',Helvetica,Arial,sans-serif;
  color: #001E2B;
  font-size: 13px;
  line-height: 20px;
  color: #001E2B;
  font-weight: 400;
  margin-bottom: 16px;
  color: var(--font-color-primary);
}

.emotion-0 strong,
.emotion-0 b {
  font-weight: 700;
}

.emotion-1 {
  margin-top: 0px;
}

.emotion-2::marker {
  color: var(--font-color-primary);
}

.emotion-2>p {
  margin-bottom: 8px;
}

.emotion-8 {
  font-family: 'Euclid Circular A','Helvetica Neue',Helvetica,Arial,sans-serif;
  display: -webkit-inline-box;
  display: -webkit-inline-flex;
  display: -ms-inline-flexbox;
  display: inline-flex;
  -webkit-align-items: center;
  -webkit-box-align: center;
  -ms-flex-align: center;
  align-items: center;
  -webkit-text-decoration: none;
  text-decoration: none;
  text-decoration-color: transparent;
  cursor: pointer;
  font-size: inherit;
  line-height: inherit;
  -webkit-appearance: none;
  -moz-appearance: none;
  -ms-appearance: none;
  appearance: none;
  background: none;
  border: none;
  padding: 0;
  font-size: 13px;
  line-height: 20px;
  color: #016BF8;
  font-weight: 400;
  display: inline;
  color: var(--link-color-primary);
  font-weight: var(--link-font-weight);
}

.emotion-8:hover,
.emotion-8:focus {
  -webkit-text-decoration: underline;
  text-decoration: underline;
  -webkit-transition: text-decoration 150ms ease-in-out;
  transition: text-decoration 150ms ease-in-out;
  text-underline-offset: 4px;
  text-decoration-thickness: 2px;
}

.emotion-8:focus {
  outline: none;
}

.emotion-8:hover {
  text-decoration-color: #E8EDEB;
}

.emotion-8:focus {
  text-decoration-color: #016BF8;
}

.emotion-8>span>code,
.emotion-8>code {
  color: var(--link-color-primary);
  font-weight: var(--link-font-weight);
}

.emotion-9 {
  -webkit-flex-shrink: 0;
  -ms-flex-negative: 0;
  flex-shrink: 0;
  position: relative;
  bottom: 4px;
  left: -1px;
  height: 12px;
}

<blockquote>
    <p
      class="emotion-0"
    >
      There are several ways to connect to your MongoDB instance.
    </p>
    <ol
      class="emotion-1"
    >
      <li
        class="emotion-2"
      >
        <p
          class="emotion-0"
        >
           for access through a downloadable user interface
        </p>
      </li>
      <li
        class="emotion-2"
      >
        <p
          class="emotion-0"
        >
           interactive shell
        </p>
      </li>
      <li
        class="emotion-2"
      >
        <p
          class="emotion-0"
        >
          <a
            class="lg-ui-0001 emotion-8"
            href=""
            target="_blank"
          >
            <span>
              programmatic access
            </span>
            <svg
              alt=""
              aria-hidden="true"
              class="emotion-9"
              height="16"
              role="presentation"
              viewBox="0 0 16 16"
              width="16"
            >
              <path
                d="M13.823 2.4491C13.8201 2.30008 13.6999 2.17994 13.5509 2.17704L9.5062 2.09836C9.25654 2.09351 9.12821 2.39519 9.30482 2.5718L10.3856 3.65257L7.93433 6.10383C7.87964 6.15852 7.83047 6.21665 7.78683 6.27752L5.99909 8.06525C5.46457 8.59977 5.46457 9.4664 5.99909 10.0009C6.53361 10.5354 7.40023 10.5354 7.93475 10.0009L9.72249 8.21317C9.78336 8.16953 9.84148 8.12037 9.89618 8.06567L12.3474 5.61441L13.4282 6.69518C13.6048 6.87179 13.9065 6.74347 13.9016 6.4938L13.823 2.4491Z"
                fill="currentColor"
              />
              <path
                d="M7.25 3.12893C7.66421 3.12893 8 3.46472 8 3.87893C8 4.29315 7.66421 4.62893 7.25 4.62893H4C3.72386 4.62893 3.5 4.85279 3.5 5.12893V11.9929C3.5 12.2691 3.72386 12.4929 4 12.4929H10.864C11.1401 12.4929 11.364 12.2691 11.364 11.9929V8.75C11.364 8.33579 11.6998 8 12.114 8C12.5282 8 12.864 8.33579 12.864 8.75V11.9929C12.864 13.0975 11.9686 13.9929 10.864 13.9929H4C2.89543 13.9929 2 13.0975 2 11.9929V5.12893C2 4.02436 2.89543 3.12893 4 3.12893H7.25Z"
                fill="currentColor"
              />
            </svg>
          </a>
          
through a number of programming APIs.
        </p>
      </li>
    </ol>
  </blockquote>
</DocumentFragment>
`;
