// Jest Snapshot v1, https://jestjs.io/docs/snapshot-testing

exports[`button component renders correctly 1`] = `
<DocumentFragment>
  .emotion-0 {
  -webkit-appearance: none;
  -moz-appearance: none;
  -ms-appearance: none;
  appearance: none;
  padding: 0;
  margin: 0;
  background-color: transparent;
  border: 1px solid transparent;
  display: -webkit-inline-box;
  display: -webkit-inline-flex;
  display: -ms-inline-flexbox;
  display: inline-flex;
  -webkit-align-items: stretch;
  -webkit-box-align: stretch;
  -ms-flex-align: stretch;
  align-items: stretch;
  -webkit-transition: all 150ms ease-in-out;
  transition: all 150ms ease-in-out;
  position: relative;
  -webkit-text-decoration: none;
  text-decoration: none;
  cursor: pointer;
  z-index: 0;
  font-family: 'Euclid Circular A','Helvetica Neue',Helvetica,Arial,sans-serif;
  border-radius: 6px;
  background-color: #00684A;
  border-color: #00684A;
  color: #FFFFFF;
  font-size: 13px;
  line-height: 20px;
  font-weight: 500;
  height: 36px;
}

.emotion-0:focus-visible,
.emotion-0[data-focus="true"] {
  outline: none;
}

.emotion-0:active,
.emotion-0[data-active="true"],
.emotion-0:focus,
.emotion-0:hover {
  -webkit-text-decoration: none;
  text-decoration: none;
}

.emotion-0:focus-visible,
.emotion-0[data-focus="true"] {
  color: #FFFFFF;
}

.emotion-0:hover,
.emotion-0[data-hover="true"],
.emotion-0:active,
.emotion-0[data-active="true"] {
  color: #FFFFFF;
  background-color: #00593F;
  border-color: #00593F;
  box-shadow: 0 0 0 3px #C0FAE6;
}

.emotion-0:focus-visible,
.emotion-0[data-focus="true"] {
  color: #FFFFFF;
  background-color: #00593F;
  box-shadow: 0 0 0 2px #FFFFFF,0 0 0 4px #0498EC;
}

.emotion-1 {
  overflow: hidden;
  position: absolute;
  top: 0;
  left: 0;
  right: 0;
  bottom: 0;
  border-radius: 5px;
}

.emotion-1 {
  overflow: hidden;
  position: absolute;
  top: 0;
  left: 0;
  right: 0;
  bottom: 0;
  border-radius: 5px;
}

.emotion-2 {
  display: grid;
  grid-auto-flow: column;
  -webkit-box-pack: center;
  -ms-flex-pack: center;
  -webkit-justify-content: center;
  justify-content: center;
  -webkit-align-items: center;
  -webkit-box-align: center;
  -ms-flex-align: center;
  align-items: center;
  height: 100%;
  width: 100%;
  position: relative;
  -webkit-user-select: none;
  -moz-user-select: none;
  -ms-user-select: none;
  user-select: none;
  z-index: 0;
  -webkit-transition: all 150 ease-in-out;
  transition: all 150 ease-in-out;
  padding: 0 11px;
  gap: 6px;
}

<a
    aria-disabled="false"
    class="lg-ui-button-0000 emotion-0 button"
    data-lgid="lg-button"
    href="/install"
  >
    <div
      class="emotion-1"
    />
    <div
      class="emotion-2"
    >
      Download Compass
    </div>
  </a>
</DocumentFragment>
`;
