// Jest Snapshot v1, https://jestjs.io/docs/snapshot-testing

exports[`renders correctly 1`] = `
<DocumentFragment>
  .emotion-0 {
  position: relative;
  -webkit-transition: 150ms ease-in-out;
  transition: 150ms ease-in-out;
  transition-property: border,box-shadow;
  border-radius: 24px;
  font-family: 'Euclid Circular A','Helvetica Neue',Helvetica,Arial,sans-serif;
  font-size: 13px;
  line-height: 20px;
  padding: 24px;
  min-height: 68px;
  border: 1px solid #E8EDEB;
  box-shadow: 0 4px 10px -4px rgba(0,30,43,0.3);
  background-color: #FFFFFF;
  color: #1C2D38;
  cursor: pointer;
  display: -webkit-box;
  display: -webkit-flex;
  display: -ms-flexbox;
  display: flex;
  height: 100%;
  background-color: var(--background-color-primary);
  border-color: #E8EDEB;
  -webkit-flex-direction: column;
  -ms-flex-direction: column;
  flex-direction: column;
  padding: 32px;
}

.emotion-0:focus {
  outline: none;
  box-shadow: 0 0 0 2px #FFFFFF,0 0 0 4px #0498EC,0 4px 10px -4px rgba(0,30,43,0.3);
}

.emotion-0:hover,
.emotion-0:active {
  border: 1px solid #E8EDEB;
  box-shadow: 0 4px 20px -4px rgba(0,30,43,0.2);
}

.emotion-0:hover:focus,
.emotion-0:active:focus {
  box-shadow: 0 0 0 2px #FFFFFF,0 0 0 4px #0498EC,0 4px 20px -4px rgba(0,30,43,0.2);
}

.dark-theme .emotion-0 {
  border-color: #3D4F58;
}

.emotion-0 p:last-of-type {
  margin-bottom: 0;
}

.emotion-1:last-of-type {
  margin-bottom: 16px;
}

.emotion-2 {
  font-family: 'Euclid Circular A','Helvetica Neue',Helvetica,Arial,sans-serif;
  display: -webkit-inline-box;
  display: -webkit-inline-flex;
  display: -ms-inline-flexbox;
  display: inline-flex;
  -webkit-align-items: center;
  -webkit-box-align: center;
  -ms-flex-align: center;
  align-items: center;
  font-weight: 700;
  font-size: 12px;
  line-height: 16px;
  border-radius: 24px;
  height: 18px;
  padding-left: 6px;
  padding-right: 6px;
  text-transform: uppercase;
  border: 1px solid;
  letter-spacing: 0.4px;
  background-color: #E3FCF7;
  border-color: #C0FAE6;
  color: #00684A;
}

.emotion-3 {
  margin: unset;
  font-family: 'Euclid Circular A','Helvetica Neue',Helvetica,Arial,sans-serif;
  color: #001E2B;
  font-size: 13px;
  line-height: 20px;
  color: #001E2B;
  font-weight: 500;
  font-weight: 500;
  letter-spacing: normal;
  color: var(--font-color-primary);
  margin: 16px 0 8px 0;
}

.emotion-3 strong,
.emotion-3 b {
  font-weight: 600;
}

.emotion-4 {
  margin: unset;
  font-family: 'Euclid Circular A','Helvetica Neue',Helvetica,Arial,sans-serif;
  color: #001E2B;
  font-size: 13px;
  line-height: 20px;
  color: #001E2B;
  font-weight: 400;
  margin-bottom: 16px;
  color: var(--font-color-primary);
}

.emotion-4 strong,
.emotion-4 b {
  font-weight: 600;
}

.emotion-5 {
  margin: unset;
  font-family: 'Euclid Circular A','Helvetica Neue',Helvetica,Arial,sans-serif;
  color: #001E2B;
  font-size: 13px;
  line-height: 20px;
  color: #001E2B;
  font-weight: 400;
}

.emotion-5 strong,
.emotion-5 b {
  font-weight: 600;
}

.emotion-5 a {
  line-height: unset;
}

.emotion-6 {
  font-family: 'Euclid Circular A','Helvetica Neue',Helvetica,Arial,sans-serif;
  display: inline;
  -webkit-align-items: center;
  -webkit-box-align: center;
  -ms-flex-align: center;
  align-items: center;
  -webkit-text-decoration: none;
  text-decoration: none;
  text-decoration-color: transparent;
  cursor: pointer;
  font-size: inherit;
  line-height: inherit;
  -webkit-appearance: none;
  -moz-appearance: none;
  -ms-appearance: none;
  appearance: none;
  background: none;
  border: none;
  padding: 0;
  font-size: 13px;
  line-height: 20px;
  color: #016BF8;
  font-weight: 400;
  display: inline;
  color: var(--link-color-primary);
  font-weight: var(--link-font-weight);
}

.emotion-6:hover,
.emotion-6[data-hover='true'],
.emotion-6:focus-visible,
.emotion-6[data-focus='true'] {
  -webkit-text-decoration: underline;
  text-decoration: underline;
  -webkit-transition: text-decoration 150ms ease-in-out;
  transition: text-decoration 150ms ease-in-out;
  text-underline-offset: 4px;
  text-decoration-thickness: 2px;
}

.emotion-6:focus {
  outline: none;
}

.emotion-6:hover,
.emotion-6[data-hover='true'] {
  text-decoration-color: #E8EDEB;
}

.emotion-6:focus-visible,
.emotion-6[data-focus='true'] {
  text-decoration-color: #016BF8;
}

.emotion-6>span>code,
.emotion-6>code {
  color: var(--link-color-primary);
  font-weight: var(--link-font-weight);
}

<div
    class="emotion-0"
  >
    <img
      alt="MongoDB University icon"
      class="
  @media only screen and (max-width: 480px) {
    width: 20px;
  }
"
      data-nimg="1"
      decoding="async"
      height="24"
      loading="lazy"
      src="/images/icons/university.svg"
      style="color: transparent;"
      width="24"
    />
    <div
      class="emotion-1"
    >
      <div
        class="emotion-2"
      >
        Test card tag
      </div>
    </div>
    <div>
      <p
        class="emotion-3"
      >
        Test card headline
      </p>
      <p
        class="emotion-4"
      >
        Test card paragraph
      </p>
      <p
        class="emotion-5"
      >
        <a
          class="lg-ui-0001 emotion-6"
          href="https://university.mongodb.com/courses/M001/about"
          target="_self"
        >
          <span>
            Test card CTA
          </span>
        </a>
      </p>
    </div>
  </div>
</DocumentFragment>
`;
