// Jest Snapshot v1, https://goo.gl/fbAQLP

exports[`renders correctly 1`] = `
<DocumentFragment>
  <em>
    Step 3
  </em>
</DocumentFragment>
`;
