// Jest Snapshot v1, https://goo.gl/fbAQLP

exports[`renders correctly 1`] = `
<DocumentFragment>
  .emotion-0 {
  border-spacing: 0;
  font-size: 13px;
  line-height: 24px;
  margin: 24px 0;
  max-width: 100%;
}

.emotion-0 tbody {
  vertical-align: top;
}

.emotion-1 {
  font-size: 16px;
}

.emotion-1>th,
.emotion-1>td {
  padding: 11px 5px 12px;
  text-align: left;
}

.emotion-2 {
  font-size: 13px;
  line-height: 20px;
  display: inline;
  -webkit-transition: all 0.15s ease-in-out;
  transition: all 0.15s ease-in-out;
  border-radius: 3px;
  font-family: 'Source Code Pro',Menlo,monospace;
  line-height: 20px;
  background-color: #F9FBFA;
  border: 1px solid #E8EDEB;
  color: #1C2D38;
  white-space: nowrap;
  font-size: unset;
  display: inline;
  color: var(--font-color-primary);
  background: var(--background-color-secondary);
  word-wrap: break-word;
  white-space: unset;
}

.lg-ui-0000:hover>.emotion-2 {
  -webkit-text-decoration: none;
  text-decoration: none;
}

.lg-ui-0000:hover>.emotion-2 {
  box-shadow: 0 0 0 3px #E8EDEB;
  border: 1px solid #C1C7C6;
}

.lg-ui-0000:focus-visible>.emotion-2 {
  box-shadow: 0 0 0 2px #FFFFFF,0 0 0 4px #0498EC;
  border: 1px solid #016BF8;
}

a .emotion-2 {
  color: inherit;
}

<table
    class="emotion-0"
  >
    <colgroup>
      <col
        class="field-name"
      />
      <col
        class="field-body"
      />
    </colgroup>
    <tbody>
      <tr
        class="emotion-1"
      >
        <th>
          Returns:
        </th>
        <td>
          A JSON Web Token string encoded for the provided 
          <code
            class="emotion-2"
          >
            payload
          </code>
          .
        </td>
      </tr>
    </tbody>
  </table>
</DocumentFragment>
`;
