// Jest Snapshot v1, https://jestjs.io/docs/snapshot-testing

exports[`renders correctly 1`] = `
<DocumentFragment>
  .emotion-0 {
  border: 0;
  border-collapse: collapse;
  margin: 24px 0;
  font-size: 13px;
  line-height: 24px;
}

.emotion-0 tbody tr td a {
  font-size: 13px;
}

.emotion-0 tbody tr td div.highlight pre {
  background-color: inherit;
}

.emotion-0:target {
  background-color: #ffa;
}

.emotion-1 {
  border: 0;
  padding: 11px 5px 12px;
}

<table
    class="header-buffer emotion-0"
    id="footnote-1"
    rules="none"
  >
    <colgroup>
      <col />
    </colgroup>
    <tbody>
      <tr
        style="vertical-align: top;"
      >
        <td
          class="emotion-1"
        >
          []
        </td>
        <td
          class="emotion-1"
        >
           Numerical footnote.
        </td>
      </tr>
    </tbody>
  </table>
</DocumentFragment>
`;
