// Jest Snapshot v1, https://jestjs.io/docs/snapshot-testing

exports[`renders correctly 1`] = `
<DocumentFragment>
  <a
    class="footnote-reference header-buffer"
    href="#footnote-1"
    id="ref-1-id1"
  >
    [1]
  </a>
</DocumentFragment>
`;
