// Jest Snapshot v1, https://jestjs.io/docs/snapshot-testing

exports[`ListItem renders correctly 1`] = `
<DocumentFragment>
  .emotion-0::marker {
  color: var(--font-color-primary);
}

.emotion-0>p {
  margin-bottom: 8px;
}

.emotion-1 {
  margin: unset;
  font-family: 'Euclid Circular A','Helvetica Neue',Helvetica,Arial,sans-serif;
  color: #001E2B;
  font-size: 13px;
  line-height: 20px;
  color: #001E2B;
  font-weight: 400;
  margin-bottom: 16px;
  color: var(--font-color-primary);
}

.emotion-1 strong,
.emotion-1 b {
  font-weight: 600;
}

.emotion-2 {
  margin-top: 0px;
}

.emotion-5 {
  font-size: 13px;
  line-height: 20px;
  display: inline;
  -webkit-transition: all 0.15s ease-in-out;
  transition: all 0.15s ease-in-out;
  border-radius: 3px;
  font-family: 'Source Code Pro',Menlo,monospace;
  line-height: 20px;
  background-color: #F9FBFA;
  border: 1px solid #E8EDEB;
  color: #1C2D38;
  white-space: nowrap;
  font-size: unset;
  display: inline;
  color: var(--font-color-primary);
  background: var(--background-color-secondary);
  word-wrap: break-word;
  white-space: unset;
}

.lg-ui-0000:hover>.emotion-5 {
  -webkit-text-decoration: none;
  text-decoration: none;
}

.lg-ui-0000:hover>.emotion-5 {
  box-shadow: 0 0 0 3px #E8EDEB;
  border: 1px solid #C1C7C6;
}

.lg-ui-0000:focus-visible>.emotion-5 {
  box-shadow: 0 0 0 2px #FFFFFF,0 0 0 4px #0498EC;
  border: 1px solid #016BF8;
}

a .emotion-5 {
  color: inherit;
}

<li
    class="emotion-0"
  >
    <p
      class="emotion-1"
    >
      To log in with your Atlas account, Relational Migrator must be running
on localhost on one of the following ports:
    </p>
    <ul
      class="emotion-2"
    >
      <li
        class="emotion-0"
      >
        <p
          class="emotion-1"
        >
          <code
            class="emotion-5"
          >
            8278
          </code>
        </p>
      </li>
      <li
        class="emotion-0"
      >
        <p
          class="emotion-1"
        >
          <code
            class="emotion-5"
          >
            8080
          </code>
        </p>
      </li>
      <li
        class="emotion-0"
      >
        <p
          class="emotion-1"
        >
          <code
            class="emotion-5"
          >
            443
          </code>
        </p>
      </li>
    </ul>
  </li>
</DocumentFragment>
`;
