// Jest Snapshot v1, https://jestjs.io/docs/snapshot-testing

exports[`renders correctly with versioned path 1`] = `
<DocumentFragment>
  .emotion-0 {
  font-family: 'Euclid Circular A','Helvetica Neue',Helvetica,Arial,sans-serif;
  display: inline;
  -webkit-align-items: center;
  -webkit-box-align: center;
  -ms-flex-align: center;
  align-items: center;
  -webkit-text-decoration: none;
  text-decoration: none;
  text-decoration-color: transparent;
  cursor: pointer;
  font-size: inherit;
  line-height: inherit;
  -webkit-appearance: none;
  -moz-appearance: none;
  -ms-appearance: none;
  appearance: none;
  background: none;
  border: none;
  padding: 0;
  font-size: 13px;
  line-height: 20px;
  color: #016BF8;
  font-weight: 400;
  display: inline;
  color: var(--link-color-primary);
  font-weight: var(--link-font-weight);
}

.emotion-0:hover,
.emotion-0[data-hover='true'],
.emotion-0:focus-visible,
.emotion-0[data-focus='true'] {
  -webkit-text-decoration: underline;
  text-decoration: underline;
  -webkit-transition: text-decoration 150ms ease-in-out;
  transition: text-decoration 150ms ease-in-out;
  text-underline-offset: 4px;
  text-decoration-thickness: 2px;
}

.emotion-0:focus {
  outline: none;
}

.emotion-0:hover,
.emotion-0[data-hover='true'] {
  text-decoration-color: #E8EDEB;
}

.emotion-0:focus-visible,
.emotion-0[data-focus='true'] {
  text-decoration-color: #016BF8;
}

.emotion-0>span>code,
.emotion-0>code {
  color: var(--link-color-primary);
  font-weight: var(--link-font-weight);
}

.emotion-1 {
  font-size: 13px;
  line-height: 20px;
  display: inline;
  -webkit-transition: all 0.15s ease-in-out;
  transition: all 0.15s ease-in-out;
  border-radius: 3px;
  font-family: 'Source Code Pro',Menlo,monospace;
  line-height: 20px;
  background-color: #F9FBFA;
  border: 1px solid #E8EDEB;
  color: #1C2D38;
  white-space: nowrap;
  font-size: unset;
  display: inline;
  color: var(--font-color-primary);
  background: var(--background-color-secondary);
  word-wrap: break-word;
  white-space: unset;
}

.lg-ui-0000:hover>.emotion-1 {
  -webkit-text-decoration: none;
  text-decoration: none;
}

.lg-ui-0000:hover>.emotion-1 {
  box-shadow: 0 0 0 3px #E8EDEB;
  border: 1px solid #C1C7C6;
}

.lg-ui-0000:focus-visible>.emotion-1 {
  box-shadow: 0 0 0 2px #FFFFFF,0 0 0 4px #0498EC;
  border: 1px solid #016BF8;
}

a .emotion-1 {
  color: inherit;
}

<a
    class="lg-ui-0001 emotion-0"
    href="https://mongodb.com/docs/languages/node/v4.9/reference/program/mongos/#std-program-mongos"
    target="_self"
  >
    <span>
      <code
        class="emotion-1"
      >
        mongos
      </code>
    </span>
  </a>
</DocumentFragment>
`;
