// Jest Snapshot v1, https://jestjs.io/docs/snapshot-testing

exports[`Select renders select correctly 1`] = `
<DocumentFragment>
  .emotion-0 {
  position: relative;
}

@media only screen and (max-width: 1024px) {
  .emotion-0 label,
  .emotion-0 p,
  .emotion-0 button,
  .emotion-0 div,
  .emotion-0 span {
    font-size: 13px;
  }
}

.emotion-0 label {
  color: #001E2B;
}

.dark-theme .emotion-0 label {
  color: #E8EDEB;
}

.emotion-1 {
  display: -webkit-box;
  display: -webkit-flex;
  display: -ms-flexbox;
  display: flex;
  -webkit-flex-direction: column;
  -ms-flex-direction: column;
  flex-direction: column;
}

.emotion-1 {
  display: -webkit-box;
  display: -webkit-flex;
  display: -ms-flexbox;
  display: flex;
  -webkit-flex-direction: column;
  -ms-flex-direction: column;
  flex-direction: column;
}

.emotion-2>button {
  background-color: #FFFFFF;
  text-align: left;
}

.emotion-2>button>*:last-child>svg {
  color: #5C6C75;
}

.emotion-2>button:focus-visible {
  box-shadow: 0 0 0 3px #0498EC;
  border-color: rgba(255, 255, 255, 0);
}

.dark-theme .emotion-2>button {
  border-color: #889397;
  background-color: #112733;
}

.dark-theme .emotion-2>button>*:last-child>svg {
  color: #C1C7C6;
}

.dark-theme .emotion-2>button:hover,
.dark-theme .emotion-2>button:active,
.dark-theme .emotion-2>button:focus {
  background-color: #112733;
  color: #E8EDEB;
}

.dark-theme .emotion-2>button:focus-visible {
  background-color: #112733;
  box-shadow: 0 0 0 3px #0498EC;
  border-color: rgba(255, 255, 255, 0);
}

.emotion-3 {
  -webkit-appearance: none;
  -moz-appearance: none;
  -ms-appearance: none;
  appearance: none;
  padding: 0;
  margin: 0;
  background-color: transparent;
  border: 1px solid transparent;
  display: -webkit-inline-box;
  display: -webkit-inline-flex;
  display: -ms-inline-flexbox;
  display: inline-flex;
  -webkit-align-items: stretch;
  -webkit-box-align: stretch;
  -ms-flex-align: stretch;
  align-items: stretch;
  -webkit-transition: all 150ms ease-in-out;
  transition: all 150ms ease-in-out;
  position: relative;
  -webkit-text-decoration: none;
  text-decoration: none;
  cursor: pointer;
  z-index: 0;
  font-family: 'Euclid Circular A','Helvetica Neue',Helvetica,Arial,sans-serif;
  border-radius: 6px;
  background-color: #F9FBFA;
  border-color: #889397;
  color: #001E2B;
  font-size: 13px;
  line-height: 20px;
  font-weight: 500;
  height: 36px;
  font-weight: 400;
  background-color: #FFFFFF;
  color: #889397;
  width: 100%;
  font-size: 13px;
}

.emotion-3:focus-visible,
.emotion-3[data-focus="true"] {
  outline: none;
}

.emotion-3:active,
.emotion-3[data-active="true"],
.emotion-3:focus,
.emotion-3:hover {
  -webkit-text-decoration: none;
  text-decoration: none;
}

.emotion-3:focus-visible,
.emotion-3[data-focus="true"] {
  color: #001E2B;
}

.emotion-3:hover,
.emotion-3[data-hover="true"],
.emotion-3:active,
.emotion-3[data-active="true"] {
  color: #001E2B;
  background-color: #FFFFFF;
  box-shadow: 0 0 0 3px #E8EDEB;
}

.emotion-3:focus-visible,
.emotion-3[data-focus="true"] {
  background-color: #FFFFFF;
  box-shadow: 0 0 0 2px #FFFFFF,0 0 0 4px #0498EC;
}

.emotion-3>*:last-child {
  grid-template-columns: 1fr 16px;
  -webkit-box-pack: start;
  -ms-flex-pack: start;
  -webkit-justify-content: flex-start;
  justify-content: flex-start;
}

.emotion-3>*:last-child>svg {
  justify-self: right;
  width: 16px;
  height: 16px;
}

.emotion-3>*:last-child>svg {
  color: #5C6C75;
}

.emotion-3>*:last-child {
  padding: 0 8px 0 12px;
}

.emotion-3:focus-visible {
  box-shadow: 0 0 0 3px #0498EC;
  border-color: rgba(255, 255, 255, 0);
}

@media only screen and (max-width: 768px) and (hover: none) and (pointer: coarse),@media only screen and (max-width: 768px) and (hover: none) and (pointer: none) {
  .emotion-3 {
    height: 36px;
    font-size: 16px;
  }
}

.emotion-4 {
  overflow: hidden;
  position: absolute;
  top: 0;
  left: 0;
  right: 0;
  bottom: 0;
  border-radius: 5px;
}

.emotion-5 {
  display: grid;
  grid-auto-flow: column;
  -webkit-box-pack: center;
  -ms-flex-pack: center;
  -webkit-justify-content: center;
  justify-content: center;
  -webkit-align-items: center;
  -webkit-box-align: center;
  -ms-flex-align: center;
  align-items: center;
  height: 100%;
  width: 100%;
  position: relative;
  -webkit-user-select: none;
  -moz-user-select: none;
  -ms-user-select: none;
  user-select: none;
  z-index: 0;
  -webkit-transition: all 150 ease-in-out;
  transition: all 150 ease-in-out;
  padding: 0 11px;
  gap: 6px;
}

.emotion-6 {
  display: -webkit-box;
  display: -webkit-flex;
  display: -ms-flexbox;
  display: flex;
  -webkit-box-pack: justify;
  -webkit-justify-content: space-between;
  justify-content: space-between;
  -webkit-align-items: center;
  -webkit-box-align: center;
  -ms-flex-align: center;
  align-items: center;
  -webkit-box-flex: 1;
  -webkit-flex-grow: 1;
  -ms-flex-positive: 1;
  flex-grow: 1;
  gap: 4px;
  overflow: hidden;
}

.emotion-7 {
  overflow: hidden;
  white-space: nowrap;
  text-overflow: ellipsis;
  max-width: 100%;
}

.emotion-8 {
  -webkit-flex-shrink: 0;
  -ms-flex-negative: 0;
  flex-shrink: 0;
}

.emotion-9 {
  color: #889397;
  height: 16px;
  width: 16px;
  justify-self: left;
}

.emotion-10 {
  display: none;
}

.emotion-11 {
  display: -webkit-box;
  display: -webkit-flex;
  display: -ms-flexbox;
  display: flex;
  gap: 4px;
}

<div
    class="undefined emotion-0"
  >
    <div
      class="emotion-1 emotion-2"
      data-lgid="lg-select"
      data-testid="lg-select"
    >
      <button
        aria-controls="select-1-menu"
        aria-describedby="select-1-description"
        aria-disabled="false"
        aria-expanded="false"
        aria-invalid="false"
        aria-labelledby="select"
        class="lg-ui-button-0000 emotion-3"
        data-lgid="lg-select-trigger"
        data-testid="lg-select"
        id="select-2"
        type="button"
        value=""
      >
        <div
          class="emotion-4"
        />
        <div
          class="emotion-5"
        >
          <div
            class="emotion-6"
          >
            <div
              class="lg-ui-select-menu-0000 emotion-7"
              data-lgid="lg-select-button_text"
              data-testid="lg-select-button_text"
            />
          </div>
          <svg
            alt=""
            aria-hidden="true"
            class="emotion-8 emotion-9"
            height="16"
            role="presentation"
            viewBox="0 0 16 16"
            width="16"
          >
            <path
              d="M8.67903 10.7962C8.45271 11.0679 8.04729 11.0679 7.82097 10.7962L4.63962 6.97649C4.3213 6.59428 4.5824 6 5.06866 6L11.4313 6C11.9176 6 12.1787 6.59428 11.8604 6.97649L8.67903 10.7962Z"
              fill="currentColor"
            />
          </svg>
        </div>
      </button>
      <span
        class="emotion-10"
      />
      <div
        aria-live="polite"
        aria-relevant="all"
        class="emotion-11"
        data-lgid="lg-form_field-feedback"
        data-testid="lg-form_field-feedback"
      />
    </div>
  </div>
</DocumentFragment>
`;
