// Jest Snapshot v1, https://jestjs.io/docs/snapshot-testing

exports[`renders correctly with a directive_argument node 1`] = `
<DocumentFragment>
  .emotion-0 {
  font-size: 13px;
  line-height: 20px;
  display: inline;
  -webkit-transition: all 0.15s ease-in-out;
  transition: all 0.15s ease-in-out;
  border-radius: 3px;
  font-family: 'Source Code Pro',Menlo,monospace;
  line-height: 20px;
  background-color: #F9FBFA;
  border: 1px solid #E8EDEB;
  color: #1C2D38;
  white-space: nowrap;
  font-size: unset;
  display: inline;
  color: var(--font-color-primary);
  background: var(--background-color-secondary);
  word-wrap: break-word;
  white-space: unset;
}

.lg-ui-0000:hover>.emotion-0 {
  -webkit-text-decoration: none;
  text-decoration: none;
}

.lg-ui-0000:hover>.emotion-0 {
  box-shadow: 0 0 0 3px #E8EDEB;
  border: 1px solid #C1C7C6;
}

.lg-ui-0000:focus-visible>.emotion-0 {
  box-shadow: 0 0 0 2px #FFFFFF,0 0 0 4px #0498EC;
  border: 1px solid #016BF8;
}

a .emotion-0 {
  color: inherit;
}

.emotion-1 {
  position: absolute;
  -webkit-align-self: center;
  -ms-flex-item-align: center;
  align-self: center;
  padding: 0 10px;
  visibility: hidden;
}

.emotion-2 {
  color: #889397;
  vertical-align: middle;
  margin-top: -2px;
}

.emotion-3 {
  display: none;
}

.emotion-3 {
  display: none;
}

.emotion-4 {
  display: inline;
  left: 0;
  top: 0;
  margin-top: -85px;
  position: absolute;
  padding-bottom: 2px;
}

@media only screen and (max-width: 767px) {
  .emotion-4 {
    margin-top: -85px;
  }
}

.emotion-5 {
  margin: unset;
  font-family: 'Euclid Circular A','Helvetica Neue',Helvetica,Arial,sans-serif;
  color: #001E2B;
  font-size: 13px;
  line-height: 20px;
  color: #001E2B;
  font-weight: 400;
  margin-bottom: 16px;
  color: var(--font-color-primary);
}

.emotion-5 strong,
.emotion-5 b {
  font-weight: 600;
}

<dl
    class="option"
  >
    <dt>
      <code
        class="emotion-0"
      >
        --config &lt;filename&gt;, -f &lt;filename&gt;
      </code>
      <a
        class="headerlink emotion-1"
        href="#std-option-mongos.--config"
        title="Permalink to this definition"
      >
        <svg
          aria-label="Link Icon"
          class="emotion-2"
          fill="none"
          height="12"
          role="img"
          viewBox="0 0 16 16"
          width="12"
          xmlns="http://www.w3.org/2000/svg"
        >
          <path
            d="M6.039 9.953a4 4 0 0 1-.327-.38l1.45-1.445q.11.226.294.414a1.553 1.553 0 0 0 2.203.01l2.884-2.872a1.57 1.57 0 0 0 .01-2.212 1.553 1.553 0 0 0-2.203-.01l-.379.377A.995.995 0 0 1 8.56 3.83a1.005 1.005 0 0 1 .006-1.418l.38-.377a3.54 3.54 0 0 1 5.024.023 3.58 3.58 0 0 1-.022 5.047l-2.884 2.871a3.54 3.54 0 0 1-5.025-.022"
            fill="currentColor"
          />
          <path
            d="M9.961 6.047q.18.181.327.38l-1.45 1.445q-.11-.226-.294-.414a1.553 1.553 0 0 0-2.203-.01L3.457 10.32a1.57 1.57 0 0 0-.01 2.212 1.553 1.553 0 0 0 2.203.01l.379-.377a.995.995 0 0 1 1.411.006 1.005 1.005 0 0 1-.006 1.418l-.38.377a3.54 3.54 0 0 1-5.024-.023 3.58 3.58 0 0 1 .022-5.047l2.884-2.871a3.54 3.54 0 0 1 5.025.022"
            fill="currentColor"
          />
        </svg>
        <span
          class="emotion-3"
        />
        <div
          class="emotion-4"
          id="std-option-mongos.--config"
        />
      </a>
    </dt>
    <dd>
      <p
        class="emotion-5"
      >
        Specifies a configuration file for runtime configuration options. The
configuration file is the preferred method for runtime configuration of

        <span
          class="component-container"
        >
          Component for ref_role "program" not yet implemented
          <br />
          <span>
            <code
              class="emotion-0"
            >
              mongos
            </code>
          </span>
        </span>
        . The options are equivalent to the command-line
configuration options. See 
        <span
          class="component-container"
        >
          Component for ref_role "doc" not yet implemented
          <br />
          <span>
            Configuration File Options
          </span>
        </span>
         for
more information.
      </p>
      <p
        class="emotion-5"
      >
        Ensure the configuration file uses ASCII encoding. The 
        <span
          class="component-container"
        >
          Component for ref_role "program" not yet implemented
          <br />
          <span>
            <code
              class="emotion-0"
            >
              mongos
            </code>
          </span>
        </span>
        
instance does not support configuration files with non-ASCII encoding,
including UTF-8.
      </p>
    </dd>
  </dl>
</DocumentFragment>
`;

exports[`renders correctly with no directive_argument nodes 1`] = `
<DocumentFragment>
  .emotion-0 {
  scroll-margin-top: 85px;
  position: absolute;
}

<span
    class="emotion-0"
    id="std-label-php-language-center"
  />
</DocumentFragment>
`;
