// Jest Snapshot v1, https://jestjs.io/docs/snapshot-testing

exports[`renders correctly 1`] = `
<DocumentFragment>
  MongoDB offers both a Community and an Enterprise version
</DocumentFragment>
`;
