// Jest Snapshot v1, https://jestjs.io/docs/snapshot-testing

exports[`renders correctly 1`] = `
<DocumentFragment>
  <cite>
    admin
  </cite>
</DocumentFragment>
`;
